-------------------------------------------------------------------------------->8
[2026-04-24T08:12:30.174043421Z][docker-desktop-user-distro] syncContextStores <HOME>/.docker/contexts <-> /mnt/c/Users/Dhruvi Jain/.docker/contexts
[2026-04-24T08:12:30.193984030Z][docker-desktop-user-distro] syncContextStores <HOME>/.docker/contexts <-> /mnt/c/Users/Dhruvi Jain/.docker/contexts os.Symlink <HOME>/.docker/contexts -> /mnt/c/Users/Dhruvi Jain/.docker/contexts
-------------------------------------------------------------------------------->8
[2026-04-24T08:12:30.701883524Z][docker-desktop-user-distro] linkPathToWindows windowsPath = /mnt/c/Users/Dhruvi Jain/.aws, linkPath = <HOME>/.aws
-------------------------------------------------------------------------------->8
[2026-04-24T08:12:31.186570751Z][docker-desktop-user-distro] linkPathToWindows windowsPath = /mnt/c/Users/Dhruvi Jain/.azure, linkPath = <HOME>/.azure
-------------------------------------------------------------------------------->8
[2026-04-24T08:12:31.642695598Z][docker-desktop-user-distro] linkPathToWindows windowsPath = /mnt/c/Users/Dhruvi Jain/.docker/features.json, linkPath = ~/.docker/features.json
-------------------------------------------------------------------------------->8
[2026-04-24T12:21:44.110050230Z][docker-desktop-user-distro] syncContextStores <HOME>/.docker/contexts <-> /mnt/c/Users/Dhruvi Jain/.docker/contexts
[2026-04-24T12:21:44.121978830Z][docker-desktop-user-distro] syncContextStores <HOME>/.docker/contexts <-> /mnt/c/Users/Dhruvi Jain/.docker/contexts: syncNoop
-------------------------------------------------------------------------------->8
[2026-04-24T12:21:44.715049630Z][docker-desktop-user-distro] linkPathToWindows windowsPath = /mnt/c/Users/Dhruvi Jain/.aws, linkPath = <HOME>/.aws
[2026-04-24T12:21:44.728839030Z][docker-desktop-user-distro] no need to symlink <HOME>/.aws to /mnt/c/Users/Dhruvi Jain/.aws: they are the same path already
-------------------------------------------------------------------------------->8
[2026-04-24T12:21:45.299129030Z][docker-desktop-user-distro] linkPathToWindows windowsPath = /mnt/c/Users/Dhruvi Jain/.azure, linkPath = <HOME>/.azure
[2026-04-24T12:21:45.313937430Z][docker-desktop-user-distro] no need to symlink <HOME>/.azure to /mnt/c/Users/Dhruvi Jain/.azure: they are the same path already
-------------------------------------------------------------------------------->8
[2026-04-24T12:21:45.832098730Z][docker-desktop-user-distro] linkPathToWindows windowsPath = /mnt/c/Users/Dhruvi Jain/.docker/features.json, linkPath = ~/.docker/features.json
-------------------------------------------------------------------------------->8
[2026-04-26T05:54:27.001627201Z][docker-desktop-user-distro] syncContextStores <HOME>/.docker/contexts <-> /mnt/c/Users/Dhruvi Jain/.docker/contexts
[2026-04-26T05:54:27.021048800Z][docker-desktop-user-distro] syncContextStores <HOME>/.docker/contexts <-> /mnt/c/Users/Dhruvi Jain/.docker/contexts: syncNoop
-------------------------------------------------------------------------------->8
[2026-04-26T05:54:28.241498407Z][docker-desktop-user-distro] linkPathToWindows windowsPath = /mnt/c/Users/Dhruvi Jain/.aws, linkPath = <HOME>/.aws
[2026-04-26T05:54:28.508716765Z][docker-desktop-user-distro] no need to symlink <HOME>/.aws to /mnt/c/Users/Dhruvi Jain/.aws: they are the same path already
-------------------------------------------------------------------------------->8
[2026-04-26T05:54:30.530843474Z][docker-desktop-user-distro] linkPathToWindows windowsPath = /mnt/c/Users/Dhruvi Jain/.azure, linkPath = <HOME>/.azure
[2026-04-26T05:54:30.633058032Z][docker-desktop-user-distro] no need to symlink <HOME>/.azure to /mnt/c/Users/Dhruvi Jain/.azure: they are the same path already
-------------------------------------------------------------------------------->8
[2026-04-26T05:54:31.637106099Z][docker-desktop-user-distro] linkPathToWindows windowsPath = /mnt/c/Users/Dhruvi Jain/.docker/features.json, linkPath = ~/.docker/features.json
-------------------------------------------------------------------------------->8
[2026-04-26T05:56:08.979743399Z][docker-desktop-user-distro] syncContextStores <HOME>/.docker/contexts <-> /mnt/c/Users/Dhruvi Jain/.docker/contexts
[2026-04-26T05:56:08.996183416Z][docker-desktop-user-distro] syncContextStores <HOME>/.docker/contexts <-> /mnt/c/Users/Dhruvi Jain/.docker/contexts: syncNoop
-------------------------------------------------------------------------------->8
[2026-04-26T05:56:09.533452182Z][docker-desktop-user-distro] linkPathToWindows windowsPath = /mnt/c/Users/Dhruvi Jain/.aws, linkPath = <HOME>/.aws
[2026-04-26T05:56:09.552488949Z][docker-desktop-user-distro] no need to symlink <HOME>/.aws to /mnt/c/Users/Dhruvi Jain/.aws: they are the same path already
-------------------------------------------------------------------------------->8
[2026-04-26T05:56:10.163235232Z][docker-desktop-user-distro] linkPathToWindows windowsPath = /mnt/c/Users/Dhruvi Jain/.azure, linkPath = <HOME>/.azure
[2026-04-26T05:56:10.182399507Z][docker-desktop-user-distro] no need to symlink <HOME>/.azure to /mnt/c/Users/Dhruvi Jain/.azure: they are the same path already
-------------------------------------------------------------------------------->8
[2026-04-26T05:56:10.790383182Z][docker-desktop-user-distro] linkPathToWindows windowsPath = /mnt/c/Users/Dhruvi Jain/.docker/features.json, linkPath = ~/.docker/features.json
-------------------------------------------------------------------------------->8
[2026-04-27T04:43:36.211977195Z][docker-desktop-user-distro] syncContextStores <HOME>/.docker/contexts <-> /mnt/c/Users/Dhruvi Jain/.docker/contexts
[2026-04-27T04:43:36.227295395Z][docker-desktop-user-distro] syncContextStores <HOME>/.docker/contexts <-> /mnt/c/Users/Dhruvi Jain/.docker/contexts: syncNoop
-------------------------------------------------------------------------------->8
[2026-04-27T04:43:36.810544595Z][docker-desktop-user-distro] linkPathToWindows windowsPath = /mnt/c/Users/Dhruvi Jain/.aws, linkPath = <HOME>/.aws
[2026-04-27T04:43:36.828435095Z][docker-desktop-user-distro] no need to symlink <HOME>/.aws to /mnt/c/Users/Dhruvi Jain/.aws: they are the same path already
-------------------------------------------------------------------------------->8
[2026-04-27T04:43:37.372012695Z][docker-desktop-user-distro] linkPathToWindows windowsPath = /mnt/c/Users/Dhruvi Jain/.azure, linkPath = <HOME>/.azure
[2026-04-27T04:43:37.389266495Z][docker-desktop-user-distro] no need to symlink <HOME>/.azure to /mnt/c/Users/Dhruvi Jain/.azure: they are the same path already
-------------------------------------------------------------------------------->8
[2026-04-27T04:43:37.978657295Z][docker-desktop-user-distro] linkPathToWindows windowsPath = /mnt/c/Users/Dhruvi Jain/.docker/features.json, linkPath = ~/.docker/features.json
-------------------------------------------------------------------------------->8
[2026-04-28T04:24:43.921724713Z][docker-desktop-user-distro] syncContextStores <HOME>/.docker/contexts <-> /mnt/c/Users/Dhruvi Jain/.docker/contexts
[2026-04-28T04:24:43.934102778Z][docker-desktop-user-distro] syncContextStores <HOME>/.docker/contexts <-> /mnt/c/Users/Dhruvi Jain/.docker/contexts: syncNoop
-------------------------------------------------------------------------------->8
[2026-04-28T04:24:44.347376499Z][docker-desktop-user-distro] linkPathToWindows windowsPath = /mnt/c/Users/Dhruvi Jain/.aws, linkPath = <HOME>/.aws
[2026-04-28T04:24:44.351654111Z][docker-desktop-user-distro] no need to symlink <HOME>/.aws to /mnt/c/Users/Dhruvi Jain/.aws: they are the same path already
-------------------------------------------------------------------------------->8
[2026-04-28T04:24:44.819472182Z][docker-desktop-user-distro] linkPathToWindows windowsPath = /mnt/c/Users/Dhruvi Jain/.azure, linkPath = <HOME>/.azure
[2026-04-28T04:24:44.824512196Z][docker-desktop-user-distro] no need to symlink <HOME>/.azure to /mnt/c/Users/Dhruvi Jain/.azure: they are the same path already
-------------------------------------------------------------------------------->8
[2026-04-28T04:24:45.269744589Z][docker-desktop-user-distro] linkPathToWindows windowsPath = /mnt/c/Users/Dhruvi Jain/.docker/features.json, linkPath = ~/.docker/features.json
-------------------------------------------------------------------------------->8
[2026-04-30T10:55:17.230868566Z][docker-desktop-user-distro] syncContextStores <HOME>/.docker/contexts <-> /mnt/c/Users/Dhruvi Jain/.docker/contexts
[2026-04-30T10:55:17.262874350Z][docker-desktop-user-distro] syncContextStores <HOME>/.docker/contexts <-> /mnt/c/Users/Dhruvi Jain/.docker/contexts: syncNoop
-------------------------------------------------------------------------------->8
[2026-04-30T10:55:18.206862525Z][docker-desktop-user-distro] linkPathToWindows windowsPath = /mnt/c/Users/Dhruvi Jain/.aws, linkPath = <HOME>/.aws
[2026-04-30T10:55:18.241225966Z][docker-desktop-user-distro] no need to symlink <HOME>/.aws to /mnt/c/Users/Dhruvi Jain/.aws: they are the same path already
-------------------------------------------------------------------------------->8
[2026-04-30T10:55:19.294190108Z][docker-desktop-user-distro] linkPathToWindows windowsPath = /mnt/c/Users/Dhruvi Jain/.azure, linkPath = <HOME>/.azure
[2026-04-30T10:55:19.326261541Z][docker-desktop-user-distro] no need to symlink <HOME>/.azure to /mnt/c/Users/Dhruvi Jain/.azure: they are the same path already
-------------------------------------------------------------------------------->8
[2026-04-30T10:55:20.367080973Z][docker-desktop-user-distro] linkPathToWindows windowsPath = /mnt/c/Users/Dhruvi Jain/.docker/features.json, linkPath = ~/.docker/features.json
-------------------------------------------------------------------------------->8
[2026-05-04T05:52:22.119776361Z][docker-desktop-user-distro] syncContextStores <HOME>/.docker/contexts <-> /mnt/c/Users/Dhruvi Jain/.docker/contexts
[2026-05-04T05:52:22.174577381Z][docker-desktop-user-distro] syncContextStores <HOME>/.docker/contexts <-> /mnt/c/Users/Dhruvi Jain/.docker/contexts: syncNoop
-------------------------------------------------------------------------------->8
[2026-05-04T05:52:23.485423002Z][docker-desktop-user-distro] linkPathToWindows windowsPath = /mnt/c/Users/Dhruvi Jain/.aws, linkPath = <HOME>/.aws
[2026-05-04T05:52:23.517153333Z][docker-desktop-user-distro] no need to symlink <HOME>/.aws to /mnt/c/Users/Dhruvi Jain/.aws: they are the same path already
-------------------------------------------------------------------------------->8
[2026-05-04T05:52:25.135002158Z][docker-desktop-user-distro] linkPathToWindows windowsPath = /mnt/c/Users/Dhruvi Jain/.azure, linkPath = <HOME>/.azure
[2026-05-04T05:52:25.185183128Z][docker-desktop-user-distro] no need to symlink <HOME>/.azure to /mnt/c/Users/Dhruvi Jain/.azure: they are the same path already
-------------------------------------------------------------------------------->8
[2026-05-04T05:52:26.631819045Z][docker-desktop-user-distro] linkPathToWindows windowsPath = /mnt/c/Users/Dhruvi Jain/.docker/features.json, linkPath = ~/.docker/features.json
