0 verbose cli /usr/bin/node /usr/bin/npm
1 info using npm@10.8.2
2 info using node@v20.20.2
3 silly config load:file:/usr/lib/node_modules/npm/npmrc
4 silly config load:file:/home/dhruvi/.npmrc
5 silly config load:file:/usr/etc/npmrc
6 verbose title npm install
7 verbose argv "install"
8 verbose logfile logs-max:10 dir:/home/dhruvi/.npm/_logs/2026-04-30T11_35_54_299Z-
9 verbose logfile /home/dhruvi/.npm/_logs/2026-04-30T11_35_54_299Z-debug-0.log
10 silly packumentCache heap:2074869760 maxSize:518717440 maxEntrySize:259358720
11 silly logfile done cleaning log files
12 silly idealTree buildDeps
13 silly reify moves {}
14 silly audit bulk request {
14 silly audit   '@babel/code-frame': [ '7.27.1' ],
14 silly audit   '@babel/compat-data': [ '7.28.5' ],
14 silly audit   '@babel/core': [ '7.28.5' ],
14 silly audit   '@babel/generator': [ '7.28.5' ],
14 silly audit   '@babel/helper-compilation-targets': [ '7.27.2' ],
14 silly audit   '@babel/helper-globals': [ '7.28.0' ],
14 silly audit   '@babel/helper-module-imports': [ '7.27.1' ],
14 silly audit   '@babel/helper-module-transforms': [ '7.28.3' ],
14 silly audit   '@babel/helper-plugin-utils': [ '7.27.1' ],
14 silly audit   '@babel/helper-string-parser': [ '7.27.1' ],
14 silly audit   '@babel/helper-validator-identifier': [ '7.28.5' ],
14 silly audit   '@babel/helper-validator-option': [ '7.27.1' ],
14 silly audit   '@babel/helpers': [ '7.28.4' ],
14 silly audit   '@babel/parser': [ '7.28.5' ],
14 silly audit   '@babel/plugin-transform-react-jsx-self': [ '7.27.1' ],
14 silly audit   '@babel/plugin-transform-react-jsx-source': [ '7.27.1' ],
14 silly audit   '@babel/template': [ '7.27.2' ],
14 silly audit   '@babel/traverse': [ '7.28.5' ],
14 silly audit   '@babel/types': [ '7.28.5' ],
14 silly audit   '@esbuild/aix-ppc64': [ '0.25.12' ],
14 silly audit   '@esbuild/android-arm': [ '0.25.12' ],
14 silly audit   '@esbuild/android-arm64': [ '0.25.12' ],
14 silly audit   '@esbuild/android-x64': [ '0.25.12' ],
14 silly audit   '@esbuild/darwin-arm64': [ '0.25.12' ],
14 silly audit   '@esbuild/darwin-x64': [ '0.25.12' ],
14 silly audit   '@esbuild/freebsd-arm64': [ '0.25.12' ],
14 silly audit   '@esbuild/freebsd-x64': [ '0.25.12' ],
14 silly audit   '@esbuild/linux-arm': [ '0.25.12' ],
14 silly audit   '@esbuild/linux-arm64': [ '0.25.12' ],
14 silly audit   '@esbuild/linux-ia32': [ '0.25.12' ],
14 silly audit   '@esbuild/linux-loong64': [ '0.25.12' ],
14 silly audit   '@esbuild/linux-mips64el': [ '0.25.12' ],
14 silly audit   '@esbuild/linux-ppc64': [ '0.25.12' ],
14 silly audit   '@esbuild/linux-riscv64': [ '0.25.12' ],
14 silly audit   '@esbuild/linux-s390x': [ '0.25.12' ],
14 silly audit   '@esbuild/linux-x64': [ '0.25.12' ],
14 silly audit   '@esbuild/netbsd-arm64': [ '0.25.12' ],
14 silly audit   '@esbuild/netbsd-x64': [ '0.25.12' ],
14 silly audit   '@esbuild/openbsd-arm64': [ '0.25.12' ],
14 silly audit   '@esbuild/openbsd-x64': [ '0.25.12' ],
14 silly audit   '@esbuild/openharmony-arm64': [ '0.25.12' ],
14 silly audit   '@esbuild/sunos-x64': [ '0.25.12' ],
14 silly audit   '@esbuild/win32-arm64': [ '0.25.12' ],
14 silly audit   '@esbuild/win32-ia32': [ '0.25.12' ],
14 silly audit   '@esbuild/win32-x64': [ '0.25.12' ],
14 silly audit   '@eslint-community/eslint-utils': [ '4.9.0' ],
14 silly audit   'eslint-visitor-keys': [ '3.4.3', '4.2.1' ],
14 silly audit   '@eslint-community/regexpp': [ '4.12.2' ],
14 silly audit   '@eslint/config-array': [ '0.21.1' ],
14 silly audit   '@eslint/config-helpers': [ '0.4.2' ],
14 silly audit   '@eslint/core': [ '0.17.0' ],
14 silly audit   '@eslint/eslintrc': [ '3.3.1' ],
14 silly audit   globals: [ '14.0.0', '16.5.0' ],
14 silly audit   '@eslint/js': [ '9.39.1' ],
14 silly audit   '@eslint/object-schema': [ '2.1.7' ],
14 silly audit   '@eslint/plugin-kit': [ '0.4.1' ],
14 silly audit   '@humanfs/core': [ '0.19.1' ],
14 silly audit   '@humanfs/node': [ '0.16.7' ],
14 silly audit   '@humanwhocodes/module-importer': [ '1.0.1' ],
14 silly audit   '@humanwhocodes/retry': [ '0.4.3' ],
14 silly audit   '@jridgewell/gen-mapping': [ '0.3.13' ],
14 silly audit   '@jridgewell/remapping': [ '2.3.5' ],
14 silly audit   '@jridgewell/resolve-uri': [ '3.1.2' ],
14 silly audit   '@jridgewell/sourcemap-codec': [ '1.5.5' ],
14 silly audit   '@jridgewell/trace-mapping': [ '0.3.31' ],
14 silly audit   '@rolldown/pluginutils': [ '1.0.0-beta.47' ],
14 silly audit   '@rollup/rollup-android-arm-eabi': [ '4.53.3' ],
14 silly audit   '@rollup/rollup-android-arm64': [ '4.53.3' ],
14 silly audit   '@rollup/rollup-darwin-arm64': [ '4.53.3' ],
14 silly audit   '@rollup/rollup-darwin-x64': [ '4.53.3' ],
14 silly audit   '@rollup/rollup-freebsd-arm64': [ '4.53.3' ],
14 silly audit   '@rollup/rollup-freebsd-x64': [ '4.53.3' ],
14 silly audit   '@rollup/rollup-linux-arm-gnueabihf': [ '4.53.3' ],
14 silly audit   '@rollup/rollup-linux-arm-musleabihf': [ '4.53.3' ],
14 silly audit   '@rollup/rollup-linux-arm64-gnu': [ '4.53.3' ],
14 silly audit   '@rollup/rollup-linux-arm64-musl': [ '4.53.3' ],
14 silly audit   '@rollup/rollup-linux-loong64-gnu': [ '4.53.3' ],
14 silly audit   '@rollup/rollup-linux-ppc64-gnu': [ '4.53.3' ],
14 silly audit   '@rollup/rollup-linux-riscv64-gnu': [ '4.53.3' ],
14 silly audit   '@rollup/rollup-linux-riscv64-musl': [ '4.53.3' ],
14 silly audit   '@rollup/rollup-linux-s390x-gnu': [ '4.53.3' ],
14 silly audit   '@rollup/rollup-linux-x64-gnu': [ '4.53.3' ],
14 silly audit   '@rollup/rollup-linux-x64-musl': [ '4.53.3' ],
14 silly audit   '@rollup/rollup-openharmony-arm64': [ '4.53.3' ],
14 silly audit   '@rollup/rollup-win32-arm64-msvc': [ '4.53.3' ],
14 silly audit   '@rollup/rollup-win32-ia32-msvc': [ '4.53.3' ],
14 silly audit   '@rollup/rollup-win32-x64-gnu': [ '4.53.3' ],
14 silly audit   '@rollup/rollup-win32-x64-msvc': [ '4.53.3' ],
14 silly audit   '@types/babel__core': [ '7.20.5' ],
14 silly audit   '@types/babel__generator': [ '7.27.0' ],
14 silly audit   '@types/babel__template': [ '7.4.4' ],
14 silly audit   '@types/babel__traverse': [ '7.28.0' ],
14 silly audit   '@types/estree': [ '1.0.8' ],
14 silly audit   '@types/json-schema': [ '7.0.15' ],
14 silly audit   '@types/node': [ '24.10.1' ],
14 silly audit   '@types/react': [ '19.2.7' ],
14 silly audit   '@types/react-dom': [ '19.2.3' ],
14 silly audit   '@typescript-eslint/eslint-plugin': [ '8.48.0' ],
14 silly audit   ignore: [ '7.0.5', '5.3.2' ],
14 silly audit   '@typescript-eslint/parser': [ '8.48.0' ],
14 silly audit   '@typescript-eslint/project-service': [ '8.48.0' ],
14 silly audit   '@typescript-eslint/scope-manager': [ '8.48.0' ],
14 silly audit   '@typescript-eslint/tsconfig-utils': [ '8.48.0' ],
14 silly audit   '@typescript-eslint/type-utils': [ '8.48.0' ],
14 silly audit   '@typescript-eslint/types': [ '8.48.0' ],
14 silly audit   '@typescript-eslint/typescript-estree': [ '8.48.0' ],
14 silly audit   'brace-expansion': [ '2.0.2', '1.1.12' ],
14 silly audit   minimatch: [ '9.0.5', '3.1.2' ],
14 silly audit   semver: [ '7.7.3', '6.3.1' ],
14 silly audit   '@typescript-eslint/utils': [ '8.48.0' ],
14 silly audit   '@typescript-eslint/visitor-keys': [ '8.48.0' ],
14 silly audit   '@vitejs/plugin-react': [ '5.1.1' ],
14 silly audit   acorn: [ '8.15.0' ],
14 silly audit   'acorn-jsx': [ '5.3.2' ],
14 silly audit   ajv: [ '6.12.6' ],
14 silly audit   'ansi-styles': [ '4.3.0' ],
14 silly audit   argparse: [ '2.0.1' ],
14 silly audit   'balanced-match': [ '1.0.2' ],
14 silly audit   'baseline-browser-mapping': [ '2.8.31' ],
14 silly audit   browserslist: [ '4.28.0' ],
14 silly audit   callsites: [ '3.1.0' ],
14 silly audit   'caniuse-lite': [ '1.0.30001757' ],
14 silly audit   chalk: [ '4.1.2' ],
14 silly audit   'color-convert': [ '2.0.1' ],
14 silly audit   'color-name': [ '1.1.4' ],
14 silly audit   'concat-map': [ '0.0.1' ],
14 silly audit   'convert-source-map': [ '2.0.0' ],
14 silly audit   'cross-spawn': [ '7.0.6' ],
14 silly audit   csstype: [ '3.2.3' ],
14 silly audit   debug: [ '4.4.3' ],
14 silly audit   'deep-is': [ '0.1.4' ],
14 silly audit   'electron-to-chromium': [ '1.5.262' ],
14 silly audit   esbuild: [ '0.25.12' ],
14 silly audit   escalade: [ '3.2.0' ],
14 silly audit   'escape-string-regexp': [ '4.0.0' ],
14 silly audit   eslint: [ '9.39.1' ],
14 silly audit   'eslint-plugin-react-hooks': [ '7.0.1' ],
14 silly audit   'eslint-plugin-react-refresh': [ '0.4.24' ],
14 silly audit   'eslint-scope': [ '8.4.0' ],
14 silly audit   espree: [ '10.4.0' ],
14 silly audit   esquery: [ '1.6.0' ],
14 silly audit   esrecurse: [ '4.3.0' ],
14 silly audit   estraverse: [ '5.3.0' ],
14 silly audit   esutils: [ '2.0.3' ],
14 silly audit   'fast-deep-equal': [ '3.1.3' ],
14 silly audit   'fast-json-stable-stringify': [ '2.1.0' ],
14 silly audit   'fast-levenshtein': [ '2.0.6' ],
14 silly audit   fdir: [ '6.5.0' ],
14 silly audit   'file-entry-cache': [ '8.0.0' ],
14 silly audit   'find-up': [ '5.0.0' ],
14 silly audit   'flat-cache': [ '4.0.1' ],
14 silly audit   flatted: [ '3.3.3' ],
14 silly audit   fsevents: [ '2.3.3' ],
14 silly audit   gensync: [ '1.0.0-beta.2' ],
14 silly audit   'glob-parent': [ '6.0.2' ],
14 silly audit   graphemer: [ '1.4.0' ],
14 silly audit   'has-flag': [ '4.0.0' ],
14 silly audit   'hermes-estree': [ '0.25.1' ],
14 silly audit   'hermes-parser': [ '0.25.1' ],
14 silly audit   'import-fresh': [ '3.3.1' ],
14 silly audit   imurmurhash: [ '0.1.4' ],
14 silly audit   'is-extglob': [ '2.1.1' ],
14 silly audit   'is-glob': [ '4.0.3' ],
14 silly audit   isexe: [ '2.0.0' ],
14 silly audit   'js-tokens': [ '4.0.0' ],
14 silly audit   'js-yaml': [ '4.1.1' ],
14 silly audit   jsesc: [ '3.1.0' ],
14 silly audit   'json-buffer': [ '3.0.1' ],
14 silly audit   'json-schema-traverse': [ '0.4.1' ],
14 silly audit   'json-stable-stringify-without-jsonify': [ '1.0.1' ],
14 silly audit   json5: [ '2.2.3' ],
14 silly audit   keyv: [ '4.5.4' ],
14 silly audit   levn: [ '0.4.1' ],
14 silly audit   'locate-path': [ '6.0.0' ],
14 silly audit   'lodash.merge': [ '4.6.2' ],
14 silly audit   'lru-cache': [ '5.1.1' ],
14 silly audit   ms: [ '2.1.3' ],
14 silly audit   nanoid: [ '3.3.11' ],
14 silly audit   'natural-compare': [ '1.4.0' ],
14 silly audit   'node-releases': [ '2.0.27' ],
14 silly audit   optionator: [ '0.9.4' ],
14 silly audit   'p-limit': [ '3.1.0' ],
14 silly audit   'p-locate': [ '5.0.0' ],
14 silly audit   'parent-module': [ '1.0.1' ],
14 silly audit   'path-exists': [ '4.0.0' ],
14 silly audit   'path-key': [ '3.1.1' ],
14 silly audit   picocolors: [ '1.1.1' ],
14 silly audit   picomatch: [ '4.0.3' ],
14 silly audit   postcss: [ '8.5.6' ],
14 silly audit   'prelude-ls': [ '1.2.1' ],
14 silly audit   punycode: [ '2.3.1' ],
14 silly audit   react: [ '19.2.0' ],
14 silly audit   'react-dom': [ '19.2.0' ],
14 silly audit   'react-refresh': [ '0.18.0' ],
14 silly audit   'resolve-from': [ '4.0.0' ],
14 silly audit   rollup: [ '4.53.3' ],
14 silly audit   scheduler: [ '0.27.0' ],
14 silly audit   'shebang-command': [ '2.0.0' ],
14 silly audit   'shebang-regex': [ '3.0.0' ],
14 silly audit   'source-map-js': [ '1.2.1' ],
14 silly audit   'strip-json-comments': [ '3.1.1' ],
14 silly audit   'supports-color': [ '7.2.0' ],
14 silly audit   tinyglobby: [ '0.2.15' ],
14 silly audit   'ts-api-utils': [ '2.1.0' ],
14 silly audit   'type-check': [ '0.4.0' ],
14 silly audit   typescript: [ '5.9.3' ],
14 silly audit   'typescript-eslint': [ '8.48.0' ],
14 silly audit   'undici-types': [ '7.16.0' ],
14 silly audit   'update-browserslist-db': [ '1.1.4' ],
14 silly audit   'uri-js': [ '4.4.1' ],
14 silly audit   vite: [ '7.2.4' ],
14 silly audit   which: [ '2.0.2' ],
14 silly audit   'word-wrap': [ '1.2.5' ],
14 silly audit   yallist: [ '3.1.1' ],
14 silly audit   'yocto-queue': [ '0.1.0' ],
14 silly audit   zod: [ '4.1.13' ],
14 silly audit   'zod-validation-error': [ '4.0.2' ]
14 silly audit }
15 verbose reify failed optional dependency /home/dhruvi/node_modules/fsevents
16 silly reify mark deleted [ '/home/dhruvi/node_modules/fsevents' ]
17 verbose reify failed optional dependency /home/dhruvi/node_modules/@rollup/rollup-win32-x64-msvc
18 silly reify mark deleted [ '/home/dhruvi/node_modules/@rollup/rollup-win32-x64-msvc' ]
19 verbose reify failed optional dependency /home/dhruvi/node_modules/@rollup/rollup-win32-x64-gnu
20 silly reify mark deleted [ '/home/dhruvi/node_modules/@rollup/rollup-win32-x64-gnu' ]
21 verbose reify failed optional dependency /home/dhruvi/node_modules/@rollup/rollup-win32-ia32-msvc
22 silly reify mark deleted [ '/home/dhruvi/node_modules/@rollup/rollup-win32-ia32-msvc' ]
23 verbose reify failed optional dependency /home/dhruvi/node_modules/@rollup/rollup-win32-arm64-msvc
24 silly reify mark deleted [ '/home/dhruvi/node_modules/@rollup/rollup-win32-arm64-msvc' ]
25 verbose reify failed optional dependency /home/dhruvi/node_modules/@rollup/rollup-openharmony-arm64
26 silly reify mark deleted [ '/home/dhruvi/node_modules/@rollup/rollup-openharmony-arm64' ]
27 verbose reify failed optional dependency /home/dhruvi/node_modules/@rollup/rollup-linux-s390x-gnu
28 silly reify mark deleted [ '/home/dhruvi/node_modules/@rollup/rollup-linux-s390x-gnu' ]
29 verbose reify failed optional dependency /home/dhruvi/node_modules/@rollup/rollup-linux-riscv64-musl
30 silly reify mark deleted [ '/home/dhruvi/node_modules/@rollup/rollup-linux-riscv64-musl' ]
31 verbose reify failed optional dependency /home/dhruvi/node_modules/@rollup/rollup-linux-riscv64-gnu
32 silly reify mark deleted [ '/home/dhruvi/node_modules/@rollup/rollup-linux-riscv64-gnu' ]
33 verbose reify failed optional dependency /home/dhruvi/node_modules/@rollup/rollup-linux-ppc64-gnu
34 silly reify mark deleted [ '/home/dhruvi/node_modules/@rollup/rollup-linux-ppc64-gnu' ]
35 verbose reify failed optional dependency /home/dhruvi/node_modules/@rollup/rollup-linux-loong64-gnu
36 silly reify mark deleted [ '/home/dhruvi/node_modules/@rollup/rollup-linux-loong64-gnu' ]
37 verbose reify failed optional dependency /home/dhruvi/node_modules/@rollup/rollup-linux-arm64-musl
38 silly reify mark deleted [ '/home/dhruvi/node_modules/@rollup/rollup-linux-arm64-musl' ]
39 verbose reify failed optional dependency /home/dhruvi/node_modules/@rollup/rollup-linux-arm64-gnu
40 silly reify mark deleted [ '/home/dhruvi/node_modules/@rollup/rollup-linux-arm64-gnu' ]
41 verbose reify failed optional dependency /home/dhruvi/node_modules/@rollup/rollup-linux-arm-musleabihf
42 silly reify mark deleted [ '/home/dhruvi/node_modules/@rollup/rollup-linux-arm-musleabihf' ]
43 verbose reify failed optional dependency /home/dhruvi/node_modules/@rollup/rollup-linux-arm-gnueabihf
44 silly reify mark deleted [ '/home/dhruvi/node_modules/@rollup/rollup-linux-arm-gnueabihf' ]
45 verbose reify failed optional dependency /home/dhruvi/node_modules/@rollup/rollup-freebsd-x64
46 silly reify mark deleted [ '/home/dhruvi/node_modules/@rollup/rollup-freebsd-x64' ]
47 verbose reify failed optional dependency /home/dhruvi/node_modules/@rollup/rollup-freebsd-arm64
48 silly reify mark deleted [ '/home/dhruvi/node_modules/@rollup/rollup-freebsd-arm64' ]
49 verbose reify failed optional dependency /home/dhruvi/node_modules/@rollup/rollup-darwin-x64
50 silly reify mark deleted [ '/home/dhruvi/node_modules/@rollup/rollup-darwin-x64' ]
51 verbose reify failed optional dependency /home/dhruvi/node_modules/@rollup/rollup-darwin-arm64
52 silly reify mark deleted [ '/home/dhruvi/node_modules/@rollup/rollup-darwin-arm64' ]
53 verbose reify failed optional dependency /home/dhruvi/node_modules/@rollup/rollup-android-arm64
54 silly reify mark deleted [ '/home/dhruvi/node_modules/@rollup/rollup-android-arm64' ]
55 verbose reify failed optional dependency /home/dhruvi/node_modules/@rollup/rollup-android-arm-eabi
56 silly reify mark deleted [ '/home/dhruvi/node_modules/@rollup/rollup-android-arm-eabi' ]
57 verbose reify failed optional dependency /home/dhruvi/node_modules/@esbuild/win32-x64
58 silly reify mark deleted [ '/home/dhruvi/node_modules/@esbuild/win32-x64' ]
59 verbose reify failed optional dependency /home/dhruvi/node_modules/@esbuild/win32-ia32
60 silly reify mark deleted [ '/home/dhruvi/node_modules/@esbuild/win32-ia32' ]
61 verbose reify failed optional dependency /home/dhruvi/node_modules/@esbuild/win32-arm64
62 silly reify mark deleted [ '/home/dhruvi/node_modules/@esbuild/win32-arm64' ]
63 verbose reify failed optional dependency /home/dhruvi/node_modules/@esbuild/sunos-x64
64 silly reify mark deleted [ '/home/dhruvi/node_modules/@esbuild/sunos-x64' ]
65 verbose reify failed optional dependency /home/dhruvi/node_modules/@esbuild/openharmony-arm64
66 silly reify mark deleted [ '/home/dhruvi/node_modules/@esbuild/openharmony-arm64' ]
67 verbose reify failed optional dependency /home/dhruvi/node_modules/@esbuild/openbsd-x64
68 silly reify mark deleted [ '/home/dhruvi/node_modules/@esbuild/openbsd-x64' ]
69 verbose reify failed optional dependency /home/dhruvi/node_modules/@esbuild/openbsd-arm64
70 silly reify mark deleted [ '/home/dhruvi/node_modules/@esbuild/openbsd-arm64' ]
71 verbose reify failed optional dependency /home/dhruvi/node_modules/@esbuild/netbsd-x64
72 silly reify mark deleted [ '/home/dhruvi/node_modules/@esbuild/netbsd-x64' ]
73 verbose reify failed optional dependency /home/dhruvi/node_modules/@esbuild/netbsd-arm64
74 silly reify mark deleted [ '/home/dhruvi/node_modules/@esbuild/netbsd-arm64' ]
75 verbose reify failed optional dependency /home/dhruvi/node_modules/@esbuild/linux-s390x
76 silly reify mark deleted [ '/home/dhruvi/node_modules/@esbuild/linux-s390x' ]
77 verbose reify failed optional dependency /home/dhruvi/node_modules/@esbuild/linux-riscv64
78 silly reify mark deleted [ '/home/dhruvi/node_modules/@esbuild/linux-riscv64' ]
79 verbose reify failed optional dependency /home/dhruvi/node_modules/@esbuild/linux-ppc64
80 silly reify mark deleted [ '/home/dhruvi/node_modules/@esbuild/linux-ppc64' ]
81 verbose reify failed optional dependency /home/dhruvi/node_modules/@esbuild/linux-mips64el
82 silly reify mark deleted [ '/home/dhruvi/node_modules/@esbuild/linux-mips64el' ]
83 verbose reify failed optional dependency /home/dhruvi/node_modules/@esbuild/linux-loong64
84 silly reify mark deleted [ '/home/dhruvi/node_modules/@esbuild/linux-loong64' ]
85 verbose reify failed optional dependency /home/dhruvi/node_modules/@esbuild/linux-ia32
86 silly reify mark deleted [ '/home/dhruvi/node_modules/@esbuild/linux-ia32' ]
87 verbose reify failed optional dependency /home/dhruvi/node_modules/@esbuild/linux-arm64
88 silly reify mark deleted [ '/home/dhruvi/node_modules/@esbuild/linux-arm64' ]
89 verbose reify failed optional dependency /home/dhruvi/node_modules/@esbuild/linux-arm
90 silly reify mark deleted [ '/home/dhruvi/node_modules/@esbuild/linux-arm' ]
91 verbose reify failed optional dependency /home/dhruvi/node_modules/@esbuild/freebsd-x64
92 silly reify mark deleted [ '/home/dhruvi/node_modules/@esbuild/freebsd-x64' ]
93 verbose reify failed optional dependency /home/dhruvi/node_modules/@esbuild/freebsd-arm64
94 silly reify mark deleted [ '/home/dhruvi/node_modules/@esbuild/freebsd-arm64' ]
95 verbose reify failed optional dependency /home/dhruvi/node_modules/@esbuild/darwin-x64
96 silly reify mark deleted [ '/home/dhruvi/node_modules/@esbuild/darwin-x64' ]
97 verbose reify failed optional dependency /home/dhruvi/node_modules/@esbuild/darwin-arm64
98 silly reify mark deleted [ '/home/dhruvi/node_modules/@esbuild/darwin-arm64' ]
99 verbose reify failed optional dependency /home/dhruvi/node_modules/@esbuild/android-x64
100 silly reify mark deleted [ '/home/dhruvi/node_modules/@esbuild/android-x64' ]
101 verbose reify failed optional dependency /home/dhruvi/node_modules/@esbuild/android-arm64
102 silly reify mark deleted [ '/home/dhruvi/node_modules/@esbuild/android-arm64' ]
103 verbose reify failed optional dependency /home/dhruvi/node_modules/@esbuild/android-arm
104 silly reify mark deleted [ '/home/dhruvi/node_modules/@esbuild/android-arm' ]
105 verbose reify failed optional dependency /home/dhruvi/node_modules/@esbuild/aix-ppc64
106 silly reify mark deleted [ '/home/dhruvi/node_modules/@esbuild/aix-ppc64' ]
107 silly tarball no local data for zod-validation-error@https://registry.npmjs.org/zod-validation-error/-/zod-validation-error-4.0.2.tgz. Extracting by manifest.
108 silly tarball no local data for yocto-queue@https://registry.npmjs.org/yocto-queue/-/yocto-queue-0.1.0.tgz. Extracting by manifest.
109 silly tarball no local data for yallist@https://registry.npmjs.org/yallist/-/yallist-3.1.1.tgz. Extracting by manifest.
110 silly tarball no local data for word-wrap@https://registry.npmjs.org/word-wrap/-/word-wrap-1.2.5.tgz. Extracting by manifest.
111 silly tarball no local data for which@https://registry.npmjs.org/which/-/which-2.0.2.tgz. Extracting by manifest.
112 silly tarball no local data for uri-js@https://registry.npmjs.org/uri-js/-/uri-js-4.4.1.tgz. Extracting by manifest.
113 silly tarball no local data for update-browserslist-db@https://registry.npmjs.org/update-browserslist-db/-/update-browserslist-db-1.1.4.tgz. Extracting by manifest.
114 silly tarball no local data for undici-types@https://registry.npmjs.org/undici-types/-/undici-types-7.16.0.tgz. Extracting by manifest.
115 silly tarball no local data for vite@https://registry.npmjs.org/vite/-/vite-7.2.4.tgz. Extracting by manifest.
116 silly tarball no local data for zod@https://registry.npmjs.org/zod/-/zod-4.1.13.tgz. Extracting by manifest.
117 silly tarball no local data for typescript-eslint@https://registry.npmjs.org/typescript-eslint/-/typescript-eslint-8.48.0.tgz. Extracting by manifest.
118 silly tarball no local data for typescript@https://registry.npmjs.org/typescript/-/typescript-5.9.3.tgz. Extracting by manifest.
119 silly tarball no local data for type-check@https://registry.npmjs.org/type-check/-/type-check-0.4.0.tgz. Extracting by manifest.
120 silly tarball no local data for ts-api-utils@https://registry.npmjs.org/ts-api-utils/-/ts-api-utils-2.1.0.tgz. Extracting by manifest.
121 silly tarball no local data for supports-color@https://registry.npmjs.org/supports-color/-/supports-color-7.2.0.tgz. Extracting by manifest.
122 silly tarball no local data for tinyglobby@https://registry.npmjs.org/tinyglobby/-/tinyglobby-0.2.15.tgz. Extracting by manifest.
123 silly tarball no local data for strip-json-comments@https://registry.npmjs.org/strip-json-comments/-/strip-json-comments-3.1.1.tgz. Extracting by manifest.
124 silly tarball no local data for source-map-js@https://registry.npmjs.org/source-map-js/-/source-map-js-1.2.1.tgz. Extracting by manifest.
125 silly tarball no local data for shebang-regex@https://registry.npmjs.org/shebang-regex/-/shebang-regex-3.0.0.tgz. Extracting by manifest.
126 silly tarball no local data for shebang-command@https://registry.npmjs.org/shebang-command/-/shebang-command-2.0.0.tgz. Extracting by manifest.
127 silly tarball no local data for semver@https://registry.npmjs.org/semver/-/semver-6.3.1.tgz. Extracting by manifest.
128 silly tarball no local data for scheduler@https://registry.npmjs.org/scheduler/-/scheduler-0.27.0.tgz. Extracting by manifest.
129 silly tarball no local data for rollup@https://registry.npmjs.org/rollup/-/rollup-4.53.3.tgz. Extracting by manifest.
130 silly tarball no local data for resolve-from@https://registry.npmjs.org/resolve-from/-/resolve-from-4.0.0.tgz. Extracting by manifest.
131 silly tarball no local data for react-refresh@https://registry.npmjs.org/react-refresh/-/react-refresh-0.18.0.tgz. Extracting by manifest.
132 silly tarball no local data for react-dom@https://registry.npmjs.org/react-dom/-/react-dom-19.2.0.tgz. Extracting by manifest.
133 silly tarball no local data for react@https://registry.npmjs.org/react/-/react-19.2.0.tgz. Extracting by manifest.
134 silly tarball no local data for prelude-ls@https://registry.npmjs.org/prelude-ls/-/prelude-ls-1.2.1.tgz. Extracting by manifest.
135 silly tarball no local data for punycode@https://registry.npmjs.org/punycode/-/punycode-2.3.1.tgz. Extracting by manifest.
136 silly tarball no local data for postcss@https://registry.npmjs.org/postcss/-/postcss-8.5.6.tgz. Extracting by manifest.
137 silly tarball no local data for picomatch@https://registry.npmjs.org/picomatch/-/picomatch-4.0.3.tgz. Extracting by manifest.
138 silly tarball no local data for path-key@https://registry.npmjs.org/path-key/-/path-key-3.1.1.tgz. Extracting by manifest.
139 silly tarball no local data for picocolors@https://registry.npmjs.org/picocolors/-/picocolors-1.1.1.tgz. Extracting by manifest.
140 silly tarball no local data for path-exists@https://registry.npmjs.org/path-exists/-/path-exists-4.0.0.tgz. Extracting by manifest.
141 silly tarball no local data for parent-module@https://registry.npmjs.org/parent-module/-/parent-module-1.0.1.tgz. Extracting by manifest.
142 silly tarball no local data for p-locate@https://registry.npmjs.org/p-locate/-/p-locate-5.0.0.tgz. Extracting by manifest.
143 silly tarball no local data for p-limit@https://registry.npmjs.org/p-limit/-/p-limit-3.1.0.tgz. Extracting by manifest.
144 silly tarball no local data for node-releases@https://registry.npmjs.org/node-releases/-/node-releases-2.0.27.tgz. Extracting by manifest.
145 silly tarball no local data for optionator@https://registry.npmjs.org/optionator/-/optionator-0.9.4.tgz. Extracting by manifest.
146 silly tarball no local data for natural-compare@https://registry.npmjs.org/natural-compare/-/natural-compare-1.4.0.tgz. Extracting by manifest.
147 silly tarball no local data for nanoid@https://registry.npmjs.org/nanoid/-/nanoid-3.3.11.tgz. Extracting by manifest.
148 silly tarball no local data for minimatch@https://registry.npmjs.org/minimatch/-/minimatch-3.1.2.tgz. Extracting by manifest.
149 silly tarball no local data for ms@https://registry.npmjs.org/ms/-/ms-2.1.3.tgz. Extracting by manifest.
150 silly tarball no local data for lodash.merge@https://registry.npmjs.org/lodash.merge/-/lodash.merge-4.6.2.tgz. Extracting by manifest.
151 silly tarball no local data for locate-path@https://registry.npmjs.org/locate-path/-/locate-path-6.0.0.tgz. Extracting by manifest.
152 silly tarball no local data for lru-cache@https://registry.npmjs.org/lru-cache/-/lru-cache-5.1.1.tgz. Extracting by manifest.
153 silly tarball no local data for levn@https://registry.npmjs.org/levn/-/levn-0.4.1.tgz. Extracting by manifest.
154 silly tarball no local data for keyv@https://registry.npmjs.org/keyv/-/keyv-4.5.4.tgz. Extracting by manifest.
155 silly tarball no local data for json5@https://registry.npmjs.org/json5/-/json5-2.2.3.tgz. Extracting by manifest.
156 silly tarball no local data for json-stable-stringify-without-jsonify@https://registry.npmjs.org/json-stable-stringify-without-jsonify/-/json-stable-stringify-without-jsonify-1.0.1.tgz. Extracting by manifest.
157 silly tarball no local data for json-schema-traverse@https://registry.npmjs.org/json-schema-traverse/-/json-schema-traverse-0.4.1.tgz. Extracting by manifest.
158 silly tarball no local data for jsesc@https://registry.npmjs.org/jsesc/-/jsesc-3.1.0.tgz. Extracting by manifest.
159 silly tarball no local data for json-buffer@https://registry.npmjs.org/json-buffer/-/json-buffer-3.0.1.tgz. Extracting by manifest.
160 silly tarball no local data for js-yaml@https://registry.npmjs.org/js-yaml/-/js-yaml-4.1.1.tgz. Extracting by manifest.
161 silly tarball no local data for js-tokens@https://registry.npmjs.org/js-tokens/-/js-tokens-4.0.0.tgz. Extracting by manifest.
162 silly tarball no local data for is-glob@https://registry.npmjs.org/is-glob/-/is-glob-4.0.3.tgz. Extracting by manifest.
163 silly tarball no local data for isexe@https://registry.npmjs.org/isexe/-/isexe-2.0.0.tgz. Extracting by manifest.
164 silly tarball no local data for imurmurhash@https://registry.npmjs.org/imurmurhash/-/imurmurhash-0.1.4.tgz. Extracting by manifest.
165 silly tarball no local data for is-extglob@https://registry.npmjs.org/is-extglob/-/is-extglob-2.1.1.tgz. Extracting by manifest.
166 silly tarball no local data for import-fresh@https://registry.npmjs.org/import-fresh/-/import-fresh-3.3.1.tgz. Extracting by manifest.
167 silly tarball no local data for ignore@https://registry.npmjs.org/ignore/-/ignore-5.3.2.tgz. Extracting by manifest.
168 silly tarball no local data for hermes-parser@https://registry.npmjs.org/hermes-parser/-/hermes-parser-0.25.1.tgz. Extracting by manifest.
169 silly tarball no local data for hermes-estree@https://registry.npmjs.org/hermes-estree/-/hermes-estree-0.25.1.tgz. Extracting by manifest.
170 silly tarball no local data for has-flag@https://registry.npmjs.org/has-flag/-/has-flag-4.0.0.tgz. Extracting by manifest.
171 silly tarball no local data for graphemer@https://registry.npmjs.org/graphemer/-/graphemer-1.4.0.tgz. Extracting by manifest.
172 silly tarball no local data for globals@https://registry.npmjs.org/globals/-/globals-16.5.0.tgz. Extracting by manifest.
173 silly tarball no local data for glob-parent@https://registry.npmjs.org/glob-parent/-/glob-parent-6.0.2.tgz. Extracting by manifest.
174 silly tarball no local data for gensync@https://registry.npmjs.org/gensync/-/gensync-1.0.0-beta.2.tgz. Extracting by manifest.
175 silly tarball no local data for flatted@https://registry.npmjs.org/flatted/-/flatted-3.3.3.tgz. Extracting by manifest.
176 silly tarball no local data for find-up@https://registry.npmjs.org/find-up/-/find-up-5.0.0.tgz. Extracting by manifest.
177 silly tarball no local data for flat-cache@https://registry.npmjs.org/flat-cache/-/flat-cache-4.0.1.tgz. Extracting by manifest.
178 silly tarball no local data for file-entry-cache@https://registry.npmjs.org/file-entry-cache/-/file-entry-cache-8.0.0.tgz. Extracting by manifest.
179 silly tarball no local data for fdir@https://registry.npmjs.org/fdir/-/fdir-6.5.0.tgz. Extracting by manifest.
180 silly tarball no local data for fast-levenshtein@https://registry.npmjs.org/fast-levenshtein/-/fast-levenshtein-2.0.6.tgz. Extracting by manifest.
181 silly tarball no local data for fast-json-stable-stringify@https://registry.npmjs.org/fast-json-stable-stringify/-/fast-json-stable-stringify-2.1.0.tgz. Extracting by manifest.
182 silly tarball no local data for fast-deep-equal@https://registry.npmjs.org/fast-deep-equal/-/fast-deep-equal-3.1.3.tgz. Extracting by manifest.
183 silly tarball no local data for esutils@https://registry.npmjs.org/esutils/-/esutils-2.0.3.tgz. Extracting by manifest.
184 silly tarball no local data for estraverse@https://registry.npmjs.org/estraverse/-/estraverse-5.3.0.tgz. Extracting by manifest.
185 silly tarball no local data for esrecurse@https://registry.npmjs.org/esrecurse/-/esrecurse-4.3.0.tgz. Extracting by manifest.
186 silly tarball no local data for espree@https://registry.npmjs.org/espree/-/espree-10.4.0.tgz. Extracting by manifest.
187 silly tarball no local data for esquery@https://registry.npmjs.org/esquery/-/esquery-1.6.0.tgz. Extracting by manifest.
188 silly tarball no local data for eslint-visitor-keys@https://registry.npmjs.org/eslint-visitor-keys/-/eslint-visitor-keys-4.2.1.tgz. Extracting by manifest.
189 silly tarball no local data for eslint-scope@https://registry.npmjs.org/eslint-scope/-/eslint-scope-8.4.0.tgz. Extracting by manifest.
190 silly tarball no local data for eslint-plugin-react-refresh@https://registry.npmjs.org/eslint-plugin-react-refresh/-/eslint-plugin-react-refresh-0.4.24.tgz. Extracting by manifest.
191 silly tarball no local data for eslint-plugin-react-hooks@https://registry.npmjs.org/eslint-plugin-react-hooks/-/eslint-plugin-react-hooks-7.0.1.tgz. Extracting by manifest.
192 silly tarball no local data for eslint@https://registry.npmjs.org/eslint/-/eslint-9.39.1.tgz. Extracting by manifest.
193 silly tarball no local data for escalade@https://registry.npmjs.org/escalade/-/escalade-3.2.0.tgz. Extracting by manifest.
194 silly tarball no local data for escape-string-regexp@https://registry.npmjs.org/escape-string-regexp/-/escape-string-regexp-4.0.0.tgz. Extracting by manifest.
195 silly tarball no local data for electron-to-chromium@https://registry.npmjs.org/electron-to-chromium/-/electron-to-chromium-1.5.262.tgz. Extracting by manifest.
196 silly tarball no local data for deep-is@https://registry.npmjs.org/deep-is/-/deep-is-0.1.4.tgz. Extracting by manifest.
197 silly tarball no local data for esbuild@https://registry.npmjs.org/esbuild/-/esbuild-0.25.12.tgz. Extracting by manifest.
198 silly tarball no local data for debug@https://registry.npmjs.org/debug/-/debug-4.4.3.tgz. Extracting by manifest.
199 silly tarball no local data for cross-spawn@https://registry.npmjs.org/cross-spawn/-/cross-spawn-7.0.6.tgz. Extracting by manifest.
200 silly tarball no local data for csstype@https://registry.npmjs.org/csstype/-/csstype-3.2.3.tgz. Extracting by manifest.
201 silly tarball no local data for convert-source-map@https://registry.npmjs.org/convert-source-map/-/convert-source-map-2.0.0.tgz. Extracting by manifest.
202 silly tarball no local data for concat-map@https://registry.npmjs.org/concat-map/-/concat-map-0.0.1.tgz. Extracting by manifest.
203 silly tarball no local data for color-convert@https://registry.npmjs.org/color-convert/-/color-convert-2.0.1.tgz. Extracting by manifest.
204 silly tarball no local data for chalk@https://registry.npmjs.org/chalk/-/chalk-4.1.2.tgz. Extracting by manifest.
205 silly tarball no local data for color-name@https://registry.npmjs.org/color-name/-/color-name-1.1.4.tgz. Extracting by manifest.
206 silly tarball no local data for caniuse-lite@https://registry.npmjs.org/caniuse-lite/-/caniuse-lite-1.0.30001757.tgz. Extracting by manifest.
207 silly tarball no local data for callsites@https://registry.npmjs.org/callsites/-/callsites-3.1.0.tgz. Extracting by manifest.
208 silly tarball no local data for browserslist@https://registry.npmjs.org/browserslist/-/browserslist-4.28.0.tgz. Extracting by manifest.
209 silly tarball no local data for brace-expansion@https://registry.npmjs.org/brace-expansion/-/brace-expansion-1.1.12.tgz. Extracting by manifest.
210 silly tarball no local data for baseline-browser-mapping@https://registry.npmjs.org/baseline-browser-mapping/-/baseline-browser-mapping-2.8.31.tgz. Extracting by manifest.
211 silly tarball no local data for balanced-match@https://registry.npmjs.org/balanced-match/-/balanced-match-1.0.2.tgz. Extracting by manifest.
212 silly tarball no local data for argparse@https://registry.npmjs.org/argparse/-/argparse-2.0.1.tgz. Extracting by manifest.
213 silly tarball no local data for ansi-styles@https://registry.npmjs.org/ansi-styles/-/ansi-styles-4.3.0.tgz. Extracting by manifest.
214 silly tarball no local data for ajv@https://registry.npmjs.org/ajv/-/ajv-6.12.6.tgz. Extracting by manifest.
215 silly tarball no local data for acorn-jsx@https://registry.npmjs.org/acorn-jsx/-/acorn-jsx-5.3.2.tgz. Extracting by manifest.
216 silly tarball no local data for acorn@https://registry.npmjs.org/acorn/-/acorn-8.15.0.tgz. Extracting by manifest.
217 silly tarball no local data for @vitejs/plugin-react@https://registry.npmjs.org/@vitejs/plugin-react/-/plugin-react-5.1.1.tgz. Extracting by manifest.
218 silly tarball no local data for @typescript-eslint/visitor-keys@https://registry.npmjs.org/@typescript-eslint/visitor-keys/-/visitor-keys-8.48.0.tgz. Extracting by manifest.
219 silly tarball no local data for @typescript-eslint/utils@https://registry.npmjs.org/@typescript-eslint/utils/-/utils-8.48.0.tgz. Extracting by manifest.
220 silly tarball no local data for @typescript-eslint/typescript-estree@https://registry.npmjs.org/@typescript-eslint/typescript-estree/-/typescript-estree-8.48.0.tgz. Extracting by manifest.
221 silly tarball no local data for @typescript-eslint/types@https://registry.npmjs.org/@typescript-eslint/types/-/types-8.48.0.tgz. Extracting by manifest.
222 silly tarball no local data for @typescript-eslint/type-utils@https://registry.npmjs.org/@typescript-eslint/type-utils/-/type-utils-8.48.0.tgz. Extracting by manifest.
223 silly tarball no local data for @typescript-eslint/tsconfig-utils@https://registry.npmjs.org/@typescript-eslint/tsconfig-utils/-/tsconfig-utils-8.48.0.tgz. Extracting by manifest.
224 silly tarball no local data for @typescript-eslint/scope-manager@https://registry.npmjs.org/@typescript-eslint/scope-manager/-/scope-manager-8.48.0.tgz. Extracting by manifest.
225 silly tarball no local data for @typescript-eslint/project-service@https://registry.npmjs.org/@typescript-eslint/project-service/-/project-service-8.48.0.tgz. Extracting by manifest.
226 silly tarball no local data for @typescript-eslint/parser@https://registry.npmjs.org/@typescript-eslint/parser/-/parser-8.48.0.tgz. Extracting by manifest.
227 silly tarball no local data for @typescript-eslint/eslint-plugin@https://registry.npmjs.org/@typescript-eslint/eslint-plugin/-/eslint-plugin-8.48.0.tgz. Extracting by manifest.
228 silly tarball no local data for @types/react-dom@https://registry.npmjs.org/@types/react-dom/-/react-dom-19.2.3.tgz. Extracting by manifest.
229 silly tarball no local data for @types/node@https://registry.npmjs.org/@types/node/-/node-24.10.1.tgz. Extracting by manifest.
230 silly tarball no local data for @types/react@https://registry.npmjs.org/@types/react/-/react-19.2.7.tgz. Extracting by manifest.
231 silly tarball no local data for @types/json-schema@https://registry.npmjs.org/@types/json-schema/-/json-schema-7.0.15.tgz. Extracting by manifest.
232 silly tarball no local data for @types/estree@https://registry.npmjs.org/@types/estree/-/estree-1.0.8.tgz. Extracting by manifest.
233 silly tarball no local data for @types/babel__traverse@https://registry.npmjs.org/@types/babel__traverse/-/babel__traverse-7.28.0.tgz. Extracting by manifest.
234 silly tarball no local data for @types/babel__template@https://registry.npmjs.org/@types/babel__template/-/babel__template-7.4.4.tgz. Extracting by manifest.
235 silly tarball no local data for @types/babel__generator@https://registry.npmjs.org/@types/babel__generator/-/babel__generator-7.27.0.tgz. Extracting by manifest.
236 silly tarball no local data for @types/babel__core@https://registry.npmjs.org/@types/babel__core/-/babel__core-7.20.5.tgz. Extracting by manifest.
237 silly tarball no local data for @rollup/rollup-linux-x64-musl@https://registry.npmjs.org/@rollup/rollup-linux-x64-musl/-/rollup-linux-x64-musl-4.53.3.tgz. Extracting by manifest.
238 silly tarball no local data for @rollup/rollup-linux-x64-gnu@https://registry.npmjs.org/@rollup/rollup-linux-x64-gnu/-/rollup-linux-x64-gnu-4.53.3.tgz. Extracting by manifest.
239 silly tarball no local data for @rolldown/pluginutils@https://registry.npmjs.org/@rolldown/pluginutils/-/pluginutils-1.0.0-beta.47.tgz. Extracting by manifest.
240 silly tarball no local data for @jridgewell/sourcemap-codec@https://registry.npmjs.org/@jridgewell/sourcemap-codec/-/sourcemap-codec-1.5.5.tgz. Extracting by manifest.
241 silly tarball no local data for @jridgewell/trace-mapping@https://registry.npmjs.org/@jridgewell/trace-mapping/-/trace-mapping-0.3.31.tgz. Extracting by manifest.
242 silly tarball no local data for @jridgewell/resolve-uri@https://registry.npmjs.org/@jridgewell/resolve-uri/-/resolve-uri-3.1.2.tgz. Extracting by manifest.
243 silly tarball no local data for @jridgewell/remapping@https://registry.npmjs.org/@jridgewell/remapping/-/remapping-2.3.5.tgz. Extracting by manifest.
244 silly tarball no local data for @jridgewell/gen-mapping@https://registry.npmjs.org/@jridgewell/gen-mapping/-/gen-mapping-0.3.13.tgz. Extracting by manifest.
245 silly tarball no local data for @humanwhocodes/retry@https://registry.npmjs.org/@humanwhocodes/retry/-/retry-0.4.3.tgz. Extracting by manifest.
246 silly tarball no local data for @humanwhocodes/module-importer@https://registry.npmjs.org/@humanwhocodes/module-importer/-/module-importer-1.0.1.tgz. Extracting by manifest.
247 silly tarball no local data for @humanfs/node@https://registry.npmjs.org/@humanfs/node/-/node-0.16.7.tgz. Extracting by manifest.
248 silly tarball no local data for @humanfs/core@https://registry.npmjs.org/@humanfs/core/-/core-0.19.1.tgz. Extracting by manifest.
249 silly tarball no local data for @eslint/plugin-kit@https://registry.npmjs.org/@eslint/plugin-kit/-/plugin-kit-0.4.1.tgz. Extracting by manifest.
250 silly tarball no local data for @eslint/object-schema@https://registry.npmjs.org/@eslint/object-schema/-/object-schema-2.1.7.tgz. Extracting by manifest.
251 silly tarball no local data for @eslint/js@https://registry.npmjs.org/@eslint/js/-/js-9.39.1.tgz. Extracting by manifest.
252 silly tarball no local data for @eslint/eslintrc@https://registry.npmjs.org/@eslint/eslintrc/-/eslintrc-3.3.1.tgz. Extracting by manifest.
253 silly tarball no local data for @eslint/core@https://registry.npmjs.org/@eslint/core/-/core-0.17.0.tgz. Extracting by manifest.
254 silly tarball no local data for @eslint/config-helpers@https://registry.npmjs.org/@eslint/config-helpers/-/config-helpers-0.4.2.tgz. Extracting by manifest.
255 silly tarball no local data for @eslint/config-array@https://registry.npmjs.org/@eslint/config-array/-/config-array-0.21.1.tgz. Extracting by manifest.
256 silly tarball no local data for @eslint-community/regexpp@https://registry.npmjs.org/@eslint-community/regexpp/-/regexpp-4.12.2.tgz. Extracting by manifest.
257 silly tarball no local data for @eslint-community/eslint-utils@https://registry.npmjs.org/@eslint-community/eslint-utils/-/eslint-utils-4.9.0.tgz. Extracting by manifest.
258 silly tarball no local data for @esbuild/linux-x64@https://registry.npmjs.org/@esbuild/linux-x64/-/linux-x64-0.25.12.tgz. Extracting by manifest.
259 silly tarball no local data for @babel/types@https://registry.npmjs.org/@babel/types/-/types-7.28.5.tgz. Extracting by manifest.
260 silly tarball no local data for @babel/traverse@https://registry.npmjs.org/@babel/traverse/-/traverse-7.28.5.tgz. Extracting by manifest.
261 silly tarball no local data for @babel/template@https://registry.npmjs.org/@babel/template/-/template-7.27.2.tgz. Extracting by manifest.
262 silly tarball no local data for @babel/plugin-transform-react-jsx-self@https://registry.npmjs.org/@babel/plugin-transform-react-jsx-self/-/plugin-transform-react-jsx-self-7.27.1.tgz. Extracting by manifest.
263 silly tarball no local data for @babel/parser@https://registry.npmjs.org/@babel/parser/-/parser-7.28.5.tgz. Extracting by manifest.
264 silly tarball no local data for @babel/plugin-transform-react-jsx-source@https://registry.npmjs.org/@babel/plugin-transform-react-jsx-source/-/plugin-transform-react-jsx-source-7.27.1.tgz. Extracting by manifest.
265 silly tarball no local data for @babel/helpers@https://registry.npmjs.org/@babel/helpers/-/helpers-7.28.4.tgz. Extracting by manifest.
266 silly tarball no local data for @babel/helper-validator-option@https://registry.npmjs.org/@babel/helper-validator-option/-/helper-validator-option-7.27.1.tgz. Extracting by manifest.
267 silly tarball no local data for @babel/helper-validator-identifier@https://registry.npmjs.org/@babel/helper-validator-identifier/-/helper-validator-identifier-7.28.5.tgz. Extracting by manifest.
268 silly tarball no local data for @babel/helper-string-parser@https://registry.npmjs.org/@babel/helper-string-parser/-/helper-string-parser-7.27.1.tgz. Extracting by manifest.
269 silly tarball no local data for @babel/helper-plugin-utils@https://registry.npmjs.org/@babel/helper-plugin-utils/-/helper-plugin-utils-7.27.1.tgz. Extracting by manifest.
270 silly tarball no local data for @babel/helper-module-transforms@https://registry.npmjs.org/@babel/helper-module-transforms/-/helper-module-transforms-7.28.3.tgz. Extracting by manifest.
271 silly tarball no local data for @babel/helper-module-imports@https://registry.npmjs.org/@babel/helper-module-imports/-/helper-module-imports-7.27.1.tgz. Extracting by manifest.
272 silly tarball no local data for @babel/helper-globals@https://registry.npmjs.org/@babel/helper-globals/-/helper-globals-7.28.0.tgz. Extracting by manifest.
273 silly tarball no local data for @babel/generator@https://registry.npmjs.org/@babel/generator/-/generator-7.28.5.tgz. Extracting by manifest.
274 silly tarball no local data for @babel/helper-compilation-targets@https://registry.npmjs.org/@babel/helper-compilation-targets/-/helper-compilation-targets-7.27.2.tgz. Extracting by manifest.
275 silly tarball no local data for @babel/core@https://registry.npmjs.org/@babel/core/-/core-7.28.5.tgz. Extracting by manifest.
276 silly tarball no local data for @babel/compat-data@https://registry.npmjs.org/@babel/compat-data/-/compat-data-7.28.5.tgz. Extracting by manifest.
277 silly tarball no local data for @babel/code-frame@https://registry.npmjs.org/@babel/code-frame/-/code-frame-7.27.1.tgz. Extracting by manifest.
278 http fetch GET 200 https://registry.npmjs.org/npm 807ms
279 silly tarball no local data for semver@https://registry.npmjs.org/semver/-/semver-7.7.3.tgz. Extracting by manifest.
280 silly tarball no local data for brace-expansion@https://registry.npmjs.org/brace-expansion/-/brace-expansion-2.0.2.tgz. Extracting by manifest.
281 silly tarball no local data for minimatch@https://registry.npmjs.org/minimatch/-/minimatch-9.0.5.tgz. Extracting by manifest.
282 silly tarball no local data for ignore@https://registry.npmjs.org/ignore/-/ignore-7.0.5.tgz. Extracting by manifest.
283 silly tarball no local data for globals@https://registry.npmjs.org/globals/-/globals-14.0.0.tgz. Extracting by manifest.
284 silly tarball no local data for eslint-visitor-keys@https://registry.npmjs.org/eslint-visitor-keys/-/eslint-visitor-keys-3.4.3.tgz. Extracting by manifest.
285 http fetch POST 200 https://registry.npmjs.org/-/npm/v1/security/advisories/bulk 1062ms
286 silly audit report {
286 silly audit report   'brace-expansion': [
286 silly audit report     {
286 silly audit report       id: 1115540,
286 silly audit report       url: 'https://github.com/advisories/GHSA-f886-m6hf-6m8v',
286 silly audit report       title: 'brace-expansion: Zero-step sequence causes process hang and memory exhaustion',
286 silly audit report       severity: 'moderate',
286 silly audit report       vulnerable_versions: '<1.1.13',
286 silly audit report       cwe: [Array],
286 silly audit report       cvss: [Object]
286 silly audit report     },
286 silly audit report     {
286 silly audit report       id: 1115541,
286 silly audit report       url: 'https://github.com/advisories/GHSA-f886-m6hf-6m8v',
286 silly audit report       title: 'brace-expansion: Zero-step sequence causes process hang and memory exhaustion',
286 silly audit report       severity: 'moderate',
286 silly audit report       vulnerable_versions: '>=2.0.0 <2.0.3',
286 silly audit report       cwe: [Array],
286 silly audit report       cvss: [Object]
286 silly audit report     }
286 silly audit report   ],
286 silly audit report   minimatch: [
286 silly audit report     {
286 silly audit report       id: 1113459,
286 silly audit report       url: 'https://github.com/advisories/GHSA-3ppc-4f35-3m26',
286 silly audit report       title: 'minimatch has a ReDoS via repeated wildcards with non-matching literal in pattern',
286 silly audit report       severity: 'high',
286 silly audit report       vulnerable_versions: '<3.1.3',
286 silly audit report       cwe: [Array],
286 silly audit report       cvss: [Object]
286 silly audit report     },
286 silly audit report     {
286 silly audit report       id: 1113465,
286 silly audit report       url: 'https://github.com/advisories/GHSA-3ppc-4f35-3m26',
286 silly audit report       title: 'minimatch has a ReDoS via repeated wildcards with non-matching literal in pattern',
286 silly audit report       severity: 'high',
286 silly audit report       vulnerable_versions: '>=9.0.0 <9.0.6',
286 silly audit report       cwe: [Array],
286 silly audit report       cvss: [Object]
286 silly audit report     },
286 silly audit report     {
286 silly audit report       id: 1113538,
286 silly audit report       url: 'https://github.com/advisories/GHSA-7r86-cg39-jmmj',
286 silly audit report       title: 'minimatch has ReDoS: matchOne() combinatorial backtracking via multiple non-adjacent GLOBSTAR segments',
286 silly audit report       severity: 'high',
286 silly audit report       vulnerable_versions: '<3.1.3',
286 silly audit report       cwe: [Array],
286 silly audit report       cvss: [Object]
286 silly audit report     },
286 silly audit report     {
286 silly audit report       id: 1113544,
286 silly audit report       url: 'https://github.com/advisories/GHSA-7r86-cg39-jmmj',
286 silly audit report       title: 'minimatch has ReDoS: matchOne() combinatorial backtracking via multiple non-adjacent GLOBSTAR segments',
286 silly audit report       severity: 'high',
286 silly audit report       vulnerable_versions: '>=9.0.0 <9.0.7',
286 silly audit report       cwe: [Array],
286 silly audit report       cvss: [Object]
286 silly audit report     },
286 silly audit report     {
286 silly audit report       id: 1113546,
286 silly audit report       url: 'https://github.com/advisories/GHSA-23c5-xmqv-rm74',
286 silly audit report       title: 'minimatch ReDoS: nested *() extglobs generate catastrophically backtracking regular expressions',
286 silly audit report       severity: 'high',
286 silly audit report       vulnerable_versions: '<3.1.4',
286 silly audit report       cwe: [Array],
286 silly audit report       cvss: [Object]
286 silly audit report     },
286 silly audit report     {
286 silly audit report       id: 1113552,
286 silly audit report       url: 'https://github.com/advisories/GHSA-23c5-xmqv-rm74',
286 silly audit report       title: 'minimatch ReDoS: nested *() extglobs generate catastrophically backtracking regular expressions',
286 silly audit report       severity: 'high',
286 silly audit report       vulnerable_versions: '>=9.0.0 <9.0.7',
286 silly audit report       cwe: [Array],
286 silly audit report       cvss: [Object]
286 silly audit report     }
286 silly audit report   ],
286 silly audit report   ajv: [
286 silly audit report     {
286 silly audit report       id: 1113714,
286 silly audit report       url: 'https://github.com/advisories/GHSA-2g4f-4pwh-qvx6',
286 silly audit report       title: 'ajv has ReDoS when using `$data` option',
286 silly audit report       severity: 'moderate',
286 silly audit report       vulnerable_versions: '<6.14.0',
286 silly audit report       cwe: [Array],
286 silly audit report       cvss: [Object]
286 silly audit report     }
286 silly audit report   ],
286 silly audit report   flatted: [
286 silly audit report     {
286 silly audit report       id: 1114526,
286 silly audit report       url: 'https://github.com/advisories/GHSA-25h7-pfq9-p65f',
286 silly audit report       title: 'flatted vulnerable to unbounded recursion DoS in parse() revive phase',
286 silly audit report       severity: 'high',
286 silly audit report       vulnerable_versions: '<3.4.0',
286 silly audit report       cwe: [Array],
286 silly audit report       cvss: [Object]
286 silly audit report     },
286 silly audit report     {
286 silly audit report       id: 1115357,
286 silly audit report       url: 'https://github.com/advisories/GHSA-rf6f-7fwh-wjgh',
286 silly audit report       title: 'Prototype Pollution via parse() in NodeJS flatted',
286 silly audit report       severity: 'high',
286 silly audit report       vulnerable_versions: '<=3.4.1',
286 silly audit report       cwe: [Array],
286 silly audit report       cvss: [Object]
286 silly audit report     }
286 silly audit report   ],
286 silly audit report   picomatch: [
286 silly audit report     {
286 silly audit report       id: 1115551,
286 silly audit report       url: 'https://github.com/advisories/GHSA-3v7f-55p6-f55p',
286 silly audit report       title: 'Picomatch: Method Injection in POSIX Character Classes causes incorrect Glob Matching',
286 silly audit report       severity: 'moderate',
286 silly audit report       vulnerable_versions: '>=4.0.0 <4.0.4',
286 silly audit report       cwe: [Array],
286 silly audit report       cvss: [Object]
286 silly audit report     },
286 silly audit report     {
286 silly audit report       id: 1115554,
286 silly audit report       url: 'https://github.com/advisories/GHSA-c2c7-rcm5-vvqj',
286 silly audit report       title: 'Picomatch has a ReDoS vulnerability via extglob quantifiers',
286 silly audit report       severity: 'high',
286 silly audit report       vulnerable_versions: '>=4.0.0 <4.0.4',
286 silly audit report       cwe: [Array],
286 silly audit report       cvss: [Object]
286 silly audit report     }
286 silly audit report   ],
286 silly audit report   postcss: [
286 silly audit report     {
286 silly audit report       id: 1117015,
286 silly audit report       url: 'https://github.com/advisories/GHSA-qx2v-qp2m-jg93',
286 silly audit report       title: 'PostCSS has XSS via Unescaped </style> in its CSS Stringify Output',
286 silly audit report       severity: 'moderate',
286 silly audit report       vulnerable_versions: '<8.5.10',
286 silly audit report       cwe: [Array],
286 silly audit report       cvss: [Object]
286 silly audit report     }
286 silly audit report   ],
286 silly audit report   rollup: [
286 silly audit report     {
286 silly audit report       id: 1113515,
286 silly audit report       url: 'https://github.com/advisories/GHSA-mw96-cpmx-2vgc',
286 silly audit report       title: 'Rollup 4 has Arbitrary File Write via Path Traversal',
286 silly audit report       severity: 'high',
286 silly audit report       vulnerable_versions: '>=4.0.0 <4.59.0',
286 silly audit report       cwe: [Array],
286 silly audit report       cvss: [Object]
286 silly audit report     }
286 silly audit report   ],
286 silly audit report   vite: [
286 silly audit report     {
286 silly audit report       id: 1116230,
286 silly audit report       url: 'https://github.com/advisories/GHSA-4w7w-66w2-5vf9',
286 silly audit report       title: 'Vite Vulnerable to Path Traversal in Optimized Deps `.map` Handling',
286 silly audit report       severity: 'moderate',
286 silly audit report       vulnerable_versions: '>=7.0.0 <=7.3.1',
286 silly audit report       cwe: [Array],
286 silly audit report       cvss: [Object]
286 silly audit report     },
286 silly audit report     {
286 silly audit report       id: 1116232,
286 silly audit report       url: 'https://github.com/advisories/GHSA-v2wj-q39q-566r',
286 silly audit report       title: 'Vite: `server.fs.deny` bypassed with queries',
286 silly audit report       severity: 'high',
286 silly audit report       vulnerable_versions: '>=7.1.0 <=7.3.1',
286 silly audit report       cwe: [Array],
286 silly audit report       cvss: [Object]
286 silly audit report     },
286 silly audit report     {
286 silly audit report       id: 1116235,
286 silly audit report       url: 'https://github.com/advisories/GHSA-p9ff-h696-f583',
286 silly audit report       title: 'Vite Vulnerable to Arbitrary File Read via Vite Dev Server WebSocket',
286 silly audit report       severity: 'high',
286 silly audit report       vulnerable_versions: '>=7.0.0 <=7.3.1',
286 silly audit report       cwe: [Array],
286 silly audit report       cvss: [Object]
286 silly audit report     }
286 silly audit report   ]
286 silly audit report }
287 silly packumentCache corgi:https://registry.npmjs.org/brace-expansion cache-miss
288 silly packumentCache corgi:https://registry.npmjs.org/minimatch cache-miss
289 silly packumentCache corgi:https://registry.npmjs.org/ajv cache-miss
290 silly packumentCache corgi:https://registry.npmjs.org/flatted cache-miss
291 silly packumentCache corgi:https://registry.npmjs.org/picomatch cache-miss
292 silly packumentCache corgi:https://registry.npmjs.org/postcss cache-miss
293 silly packumentCache corgi:https://registry.npmjs.org/rollup cache-miss
294 silly packumentCache corgi:https://registry.npmjs.org/vite cache-miss
295 http fetch GET 200 https://registry.npmjs.org/supports-color/-/supports-color-7.2.0.tgz 970ms (cache miss)
296 http fetch GET 200 https://registry.npmjs.org/zod-validation-error/-/zod-validation-error-4.0.2.tgz 1093ms (cache miss)
297 http fetch GET 200 https://registry.npmjs.org/tinyglobby/-/tinyglobby-0.2.15.tgz 1093ms (cache miss)
298 http fetch GET 200 https://registry.npmjs.org/yocto-queue/-/yocto-queue-0.1.0.tgz 1149ms (cache miss)
299 http fetch GET 200 https://registry.npmjs.org/word-wrap/-/word-wrap-1.2.5.tgz 1163ms (cache miss)
300 http fetch GET 200 https://registry.npmjs.org/strip-json-comments/-/strip-json-comments-3.1.1.tgz 1162ms (cache miss)
301 http fetch GET 200 https://registry.npmjs.org/shebang-regex/-/shebang-regex-3.0.0.tgz 1184ms (cache miss)
302 http fetch GET 200 https://registry.npmjs.org/shebang-command/-/shebang-command-2.0.0.tgz 1183ms (cache miss)
303 http fetch GET 200 https://registry.npmjs.org/type-check/-/type-check-0.4.0.tgz 1206ms (cache miss)
304 http fetch GET 200 https://registry.npmjs.org/yallist/-/yallist-3.1.1.tgz 1218ms (cache miss)
305 http fetch GET 200 https://registry.npmjs.org/which/-/which-2.0.2.tgz 1216ms (cache miss)
306 http fetch GET 200 https://registry.npmjs.org/update-browserslist-db/-/update-browserslist-db-1.1.4.tgz 1230ms (cache miss)
307 http fetch GET 200 https://registry.npmjs.org/resolve-from/-/resolve-from-4.0.0.tgz 1212ms (cache miss)
308 http fetch GET 200 https://registry.npmjs.org/picocolors/-/picocolors-1.1.1.tgz 1212ms (cache miss)
309 http fetch GET 200 https://registry.npmjs.org/path-key/-/path-key-3.1.1.tgz 1231ms (cache miss)
310 http fetch GET 200 https://registry.npmjs.org/typescript-eslint/-/typescript-eslint-8.48.0.tgz 1260ms (cache miss)
311 http fetch GET 200 https://registry.npmjs.org/punycode/-/punycode-2.3.1.tgz 1243ms (cache miss)
312 http fetch GET 200 https://registry.npmjs.org/p-limit/-/p-limit-3.1.0.tgz 1239ms (cache miss)
313 http fetch GET 200 https://registry.npmjs.org/path-exists/-/path-exists-4.0.0.tgz 1254ms (cache miss)
314 http fetch GET 200 https://registry.npmjs.org/p-locate/-/p-locate-5.0.0.tgz 1251ms (cache miss)
315 http fetch GET 200 https://registry.npmjs.org/parent-module/-/parent-module-1.0.1.tgz 1253ms (cache miss)
316 http fetch GET 200 https://registry.npmjs.org/natural-compare/-/natural-compare-1.4.0.tgz 1251ms (cache miss)
317 http fetch GET 200 https://registry.npmjs.org/semver/-/semver-6.3.1.tgz 1278ms (cache miss)
318 http fetch GET 200 https://registry.npmjs.org/ms/-/ms-2.1.3.tgz 1273ms (cache miss)
319 http fetch GET 200 https://registry.npmjs.org/react-refresh/-/react-refresh-0.18.0.tgz 1362ms (cache miss)
320 http fetch GET 200 https://registry.npmjs.org/minimatch/-/minimatch-3.1.2.tgz 1367ms (cache miss)
321 http fetch GET 200 https://registry.npmjs.org/node-releases/-/node-releases-2.0.27.tgz 1373ms (cache miss)
322 http fetch GET 200 https://registry.npmjs.org/prelude-ls/-/prelude-ls-1.2.1.tgz 1503ms (cache miss)
323 http fetch GET 200 https://registry.npmjs.org/scheduler/-/scheduler-0.27.0.tgz 1632ms (cache miss)
324 http fetch GET 200 https://registry.npmjs.org/nanoid/-/nanoid-3.3.11.tgz 1706ms (cache miss)
325 http fetch GET 200 https://registry.npmjs.org/optionator/-/optionator-0.9.4.tgz 1762ms (cache miss)
326 http fetch GET 200 https://registry.npmjs.org/locate-path/-/locate-path-6.0.0.tgz 1813ms (cache miss)
327 http fetch GET 200 https://registry.npmjs.org/json-schema-traverse/-/json-schema-traverse-0.4.1.tgz 1857ms (cache miss)
328 http fetch GET 200 https://registry.npmjs.org/json-buffer/-/json-buffer-3.0.1.tgz 1879ms (cache miss)
329 http fetch GET 200 https://registry.npmjs.org/js-tokens/-/js-tokens-4.0.0.tgz 1908ms (cache miss)
330 http fetch GET 200 https://registry.npmjs.org/keyv/-/keyv-4.5.4.tgz 1957ms (cache miss)
331 http fetch GET 200 https://registry.npmjs.org/lru-cache/-/lru-cache-5.1.1.tgz 1964ms (cache miss)
332 http fetch GET 200 https://registry.npmjs.org/is-glob/-/is-glob-4.0.3.tgz 1942ms (cache miss)
333 http fetch GET 200 https://registry.npmjs.org/jsesc/-/jsesc-3.1.0.tgz 1951ms (cache miss)
334 http fetch GET 200 https://registry.npmjs.org/isexe/-/isexe-2.0.0.tgz 1946ms (cache miss)
335 http fetch GET 200 https://registry.npmjs.org/json-stable-stringify-without-jsonify/-/json-stable-stringify-without-jsonify-1.0.1.tgz 1987ms (cache miss)
336 http fetch GET 200 https://registry.npmjs.org/is-extglob/-/is-extglob-2.1.1.tgz 1973ms (cache miss)
337 http fetch GET 200 https://registry.npmjs.org/has-flag/-/has-flag-4.0.0.tgz 1968ms (cache miss)
338 http fetch GET 200 https://registry.npmjs.org/imurmurhash/-/imurmurhash-0.1.4.tgz 2015ms (cache miss)
339 http fetch GET 200 https://registry.npmjs.org/picomatch/-/picomatch-4.0.3.tgz 2098ms (cache miss)
340 http fetch GET 200 https://registry.npmjs.org/import-fresh/-/import-fresh-3.3.1.tgz 2052ms (cache miss)
341 http fetch GET 200 https://registry.npmjs.org/ignore/-/ignore-5.3.2.tgz 2051ms (cache miss)
342 http fetch GET 200 https://registry.npmjs.org/find-up/-/find-up-5.0.0.tgz 2031ms (cache miss)
343 http fetch GET 200 https://registry.npmjs.org/lodash.merge/-/lodash.merge-4.6.2.tgz 2104ms (cache miss)
344 http fetch GET 200 https://registry.npmjs.org/gensync/-/gensync-1.0.0-beta.2.tgz 2056ms (cache miss)
345 http fetch GET 200 https://registry.npmjs.org/globals/-/globals-16.5.0.tgz 2080ms (cache miss)
346 http fetch GET 200 https://registry.npmjs.org/file-entry-cache/-/file-entry-cache-8.0.0.tgz 2074ms (cache miss)
347 http fetch GET 200 https://registry.npmjs.org/fdir/-/fdir-6.5.0.tgz 2072ms (cache miss)
348 http fetch GET 200 https://registry.npmjs.org/esutils/-/esutils-2.0.3.tgz 2067ms (cache miss)
349 http fetch GET 200 https://registry.npmjs.org/esrecurse/-/esrecurse-4.3.0.tgz 2087ms (cache miss)
350 http fetch GET 200 https://registry.npmjs.org/estraverse/-/estraverse-5.3.0.tgz 2089ms (cache miss)
351 http fetch GET 200 https://registry.npmjs.org/levn/-/levn-0.4.1.tgz 2172ms (cache miss)
352 http fetch GET 200 https://registry.npmjs.org/source-map-js/-/source-map-js-1.2.1.tgz 2247ms (cache miss)
353 http fetch GET 200 https://registry.npmjs.org/glob-parent/-/glob-parent-6.0.2.tgz 2164ms (cache miss)
354 http fetch GET 200 https://registry.npmjs.org/flatted/-/flatted-3.3.3.tgz 2162ms (cache miss)
355 http fetch GET 200 https://registry.npmjs.org/fast-deep-equal/-/fast-deep-equal-3.1.3.tgz 2153ms (cache miss)
356 http fetch GET 200 https://registry.npmjs.org/fast-levenshtein/-/fast-levenshtein-2.0.6.tgz 2186ms (cache miss)
357 http fetch GET 200 https://registry.npmjs.org/espree/-/espree-10.4.0.tgz 2179ms (cache miss)
358 http fetch GET 200 https://registry.npmjs.org/flat-cache/-/flat-cache-4.0.1.tgz 2244ms (cache miss)
359 http fetch GET 200 https://registry.npmjs.org/escape-string-regexp/-/escape-string-regexp-4.0.0.tgz 2201ms (cache miss)
360 http fetch GET 200 https://registry.npmjs.org/debug/-/debug-4.4.3.tgz 2194ms (cache miss)
361 http fetch GET 200 https://registry.npmjs.org/eslint-plugin-react-refresh/-/eslint-plugin-react-refresh-0.4.24.tgz 2281ms (cache miss)
362 http fetch GET 200 https://registry.npmjs.org/escalade/-/escalade-3.2.0.tgz 2256ms (cache miss)
363 http fetch GET 200 https://registry.npmjs.org/deep-is/-/deep-is-0.1.4.tgz 2274ms (cache miss)
364 http fetch GET 200 https://registry.npmjs.org/ts-api-utils/-/ts-api-utils-2.1.0.tgz 2432ms (cache miss)
365 http fetch GET 200 https://registry.npmjs.org/cross-spawn/-/cross-spawn-7.0.6.tgz 2282ms (cache miss)
366 http fetch GET 200 https://registry.npmjs.org/react/-/react-19.2.0.tgz 2436ms (cache miss)
367 http fetch GET 200 https://registry.npmjs.org/esbuild/-/esbuild-0.25.12.tgz 2311ms (cache miss)
368 http fetch GET 200 https://registry.npmjs.org/concat-map/-/concat-map-0.0.1.tgz 2326ms (cache miss)
369 http fetch GET 200 https://registry.npmjs.org/color-convert/-/color-convert-2.0.1.tgz 2325ms (cache miss)
370 http fetch GET 200 https://registry.npmjs.org/chalk/-/chalk-4.1.2.tgz 2344ms (cache miss)
371 http fetch GET 200 https://registry.npmjs.org/browserslist/-/browserslist-4.28.0.tgz 2342ms (cache miss)
372 http fetch GET 200 https://registry.npmjs.org/callsites/-/callsites-3.1.0.tgz 2347ms (cache miss)
373 http fetch GET 200 https://registry.npmjs.org/color-name/-/color-name-1.1.4.tgz 2350ms (cache miss)
374 http fetch GET 200 https://registry.npmjs.org/convert-source-map/-/convert-source-map-2.0.0.tgz 2372ms (cache miss)
375 http fetch GET 200 https://registry.npmjs.org/balanced-match/-/balanced-match-1.0.2.tgz 2380ms (cache miss)
376 http fetch GET 200 https://registry.npmjs.org/brace-expansion/-/brace-expansion-1.1.12.tgz 2383ms (cache miss)
377 http fetch GET 200 https://registry.npmjs.org/argparse/-/argparse-2.0.1.tgz 2394ms (cache miss)
378 http fetch GET 200 https://registry.npmjs.org/acorn-jsx/-/acorn-jsx-5.3.2.tgz 2392ms (cache miss)
379 http fetch GET 200 https://registry.npmjs.org/ansi-styles/-/ansi-styles-4.3.0.tgz 2395ms (cache miss)
380 http fetch GET 200 https://registry.npmjs.org/eslint-visitor-keys/-/eslint-visitor-keys-4.2.1.tgz 2477ms (cache miss)
381 http fetch GET 200 https://registry.npmjs.org/hermes-estree/-/hermes-estree-0.25.1.tgz 2554ms (cache miss)
382 http fetch GET 200 https://registry.npmjs.org/fast-json-stable-stringify/-/fast-json-stable-stringify-2.1.0.tgz 2530ms (cache miss)
383 http fetch GET 200 https://registry.npmjs.org/@typescript-eslint/visitor-keys/-/visitor-keys-8.48.0.tgz 2490ms (cache miss)
384 http fetch GET 200 https://registry.npmjs.org/@typescript-eslint/parser/-/parser-8.48.0.tgz 2513ms (cache miss)
385 http fetch GET 200 https://registry.npmjs.org/@typescript-eslint/tsconfig-utils/-/tsconfig-utils-8.48.0.tgz 2536ms (cache miss)
386 http fetch GET 200 https://registry.npmjs.org/undici-types/-/undici-types-7.16.0.tgz 2751ms (cache miss)
387 http fetch GET 200 https://registry.npmjs.org/@typescript-eslint/project-service/-/project-service-8.48.0.tgz 2570ms (cache miss)
388 http fetch GET 200 https://registry.npmjs.org/@types/react-dom/-/react-dom-19.2.3.tgz 2569ms (cache miss)
389 http fetch GET 200 https://registry.npmjs.org/json5/-/json5-2.2.3.tgz 2732ms (cache miss)
390 http fetch GET 200 https://registry.npmjs.org/@types/babel__core/-/babel__core-7.20.5.tgz 2594ms (cache miss)
391 http fetch GET 200 https://registry.npmjs.org/electron-to-chromium/-/electron-to-chromium-1.5.262.tgz 2659ms (cache miss)
392 http fetch GET 200 https://registry.npmjs.org/@types/estree/-/estree-1.0.8.tgz 2614ms (cache miss)
393 http fetch GET 200 https://registry.npmjs.org/@types/babel__generator/-/babel__generator-7.27.0.tgz 2612ms (cache miss)
394 http fetch GET 200 https://registry.npmjs.org/@types/json-schema/-/json-schema-7.0.15.tgz 2617ms (cache miss)
395 http fetch GET 200 https://registry.npmjs.org/@vitejs/plugin-react/-/plugin-react-5.1.1.tgz 2632ms (cache miss)
396 http fetch GET 200 https://registry.npmjs.org/eslint-scope/-/eslint-scope-8.4.0.tgz 2717ms (cache miss)
397 http fetch GET 200 https://registry.npmjs.org/@types/babel__template/-/babel__template-7.4.4.tgz 2647ms (cache miss)
398 http fetch GET 200 https://registry.npmjs.org/@types/babel__traverse/-/babel__traverse-7.28.0.tgz 2668ms (cache miss)
399 http fetch GET 200 https://registry.npmjs.org/baseline-browser-mapping/-/baseline-browser-mapping-2.8.31.tgz 2717ms (cache miss)
400 http fetch GET 200 https://registry.npmjs.org/@jridgewell/resolve-uri/-/resolve-uri-3.1.2.tgz 2813ms (cache miss)
401 http fetch GET 200 https://registry.npmjs.org/@humanwhocodes/retry/-/retry-0.4.3.tgz 2840ms (cache miss)
402 http fetch GET 200 https://registry.npmjs.org/@humanwhocodes/module-importer/-/module-importer-1.0.1.tgz 2843ms (cache miss)
403 http fetch GET 200 https://registry.npmjs.org/@typescript-eslint/types/-/types-8.48.0.tgz 2868ms (cache miss)
404 http fetch GET 200 https://registry.npmjs.org/@humanfs/node/-/node-0.16.7.tgz 2843ms (cache miss)
405 http fetch GET 200 https://registry.npmjs.org/@humanfs/core/-/core-0.19.1.tgz 2907ms (cache miss)
406 http fetch GET 200 https://registry.npmjs.org/@eslint/js/-/js-9.39.1.tgz 2968ms (cache miss)
407 http fetch GET 200 https://registry.npmjs.org/@eslint/object-schema/-/object-schema-2.1.7.tgz 2975ms (cache miss)
408 http fetch GET 200 https://registry.npmjs.org/@eslint/core/-/core-0.17.0.tgz 2991ms (cache miss)
409 http fetch GET 200 https://registry.npmjs.org/postcss/-/postcss-8.5.6.tgz 3228ms (cache miss)
410 http fetch GET 200 https://registry.npmjs.org/@eslint/config-helpers/-/config-helpers-0.4.2.tgz 3042ms (cache miss)
411 http fetch GET 200 https://registry.npmjs.org/@jridgewell/sourcemap-codec/-/sourcemap-codec-1.5.5.tgz 3201ms (cache miss)
412 http fetch GET 200 https://registry.npmjs.org/graphemer/-/graphemer-1.4.0.tgz 3339ms (cache miss)
413 http fetch GET 200 https://registry.npmjs.org/js-yaml/-/js-yaml-4.1.1.tgz 3358ms (cache miss)
414 http fetch GET 200 https://registry.npmjs.org/@babel/plugin-transform-react-jsx-self/-/plugin-transform-react-jsx-self-7.27.1.tgz 3190ms (cache miss)
415 http fetch GET 200 https://registry.npmjs.org/@types/react/-/react-19.2.7.tgz 3257ms (cache miss)
416 http fetch GET 200 https://registry.npmjs.org/@babel/plugin-transform-react-jsx-source/-/plugin-transform-react-jsx-source-7.27.1.tgz 3208ms (cache miss)
417 http fetch GET 200 https://registry.npmjs.org/@babel/helper-validator-option/-/helper-validator-option-7.27.1.tgz 3231ms (cache miss)
418 http fetch GET 200 https://registry.npmjs.org/@eslint/plugin-kit/-/plugin-kit-0.4.1.tgz 3330ms (cache miss)
419 http fetch GET 200 https://registry.npmjs.org/@jridgewell/remapping/-/remapping-2.3.5.tgz 3358ms (cache miss)
420 http fetch GET 200 https://registry.npmjs.org/@jridgewell/gen-mapping/-/gen-mapping-0.3.13.tgz 3482ms (cache miss)
421 http fetch GET 200 https://registry.npmjs.org/@typescript-eslint/type-utils/-/type-utils-8.48.0.tgz 3521ms (cache miss)
422 http fetch GET 200 https://registry.npmjs.org/@babel/helper-string-parser/-/helper-string-parser-7.27.1.tgz 3479ms (cache miss)
423 http fetch GET 200 https://registry.npmjs.org/@babel/helper-plugin-utils/-/helper-plugin-utils-7.27.1.tgz 3479ms (cache miss)
424 http fetch GET 200 https://registry.npmjs.org/@rolldown/pluginutils/-/pluginutils-1.0.0-beta.47.tgz 3546ms (cache miss)
425 http fetch GET 200 https://registry.npmjs.org/@babel/helper-module-imports/-/helper-module-imports-7.27.1.tgz 3485ms (cache miss)
426 http fetch GET 200 https://registry.npmjs.org/@babel/template/-/template-7.27.2.tgz 3516ms (cache miss)
427 http fetch GET 200 https://registry.npmjs.org/acorn/-/acorn-8.15.0.tgz 3642ms (cache miss)
428 http fetch GET 200 https://registry.npmjs.org/@babel/helper-globals/-/helper-globals-7.28.0.tgz 3581ms (cache miss)
429 http fetch GET 200 https://registry.npmjs.org/uri-js/-/uri-js-4.4.1.tgz 3905ms (cache miss)
430 http fetch GET 200 https://registry.npmjs.org/@eslint-community/eslint-utils/-/eslint-utils-4.9.0.tgz 3679ms (cache miss)
431 http fetch GET 200 https://registry.npmjs.org/@babel/helper-validator-identifier/-/helper-validator-identifier-7.28.5.tgz 3670ms (cache miss)
432 http fetch GET 200 https://registry.npmjs.org/@babel/compat-data/-/compat-data-7.28.5.tgz 3675ms (cache miss)
433 http fetch GET 200 https://registry.npmjs.org/@eslint-community/regexpp/-/regexpp-4.12.2.tgz 3734ms (cache miss)
434 http fetch GET 200 https://registry.npmjs.org/@babel/code-frame/-/code-frame-7.27.1.tgz 3712ms (cache miss)
435 http fetch GET 200 https://registry.npmjs.org/brace-expansion/-/brace-expansion-2.0.2.tgz 3692ms (cache miss)
436 http fetch GET 200 https://registry.npmjs.org/@babel/helper-compilation-targets/-/helper-compilation-targets-7.27.2.tgz 3758ms (cache miss)
437 http fetch GET 200 https://registry.npmjs.org/@eslint/config-array/-/config-array-0.21.1.tgz 3802ms (cache miss)
438 http fetch GET 200 https://registry.npmjs.org/brace-expansion 3138ms (cache miss)
439 silly packumentCache corgi:https://registry.npmjs.org/brace-expansion set size:undefined disposed:false
440 http fetch GET 200 https://registry.npmjs.org/ignore/-/ignore-7.0.5.tgz 3737ms (cache miss)
441 http fetch GET 200 https://registry.npmjs.org/eslint-visitor-keys/-/eslint-visitor-keys-3.4.3.tgz 3751ms (cache miss)
442 http fetch GET 200 https://registry.npmjs.org/@babel/helper-module-transforms/-/helper-module-transforms-7.28.3.tgz 3815ms (cache miss)
443 http fetch GET 200 https://registry.npmjs.org/globals/-/globals-14.0.0.tgz 3766ms (cache miss)
444 http fetch GET 200 https://registry.npmjs.org/picomatch 3175ms (cache miss)
445 silly packumentCache corgi:https://registry.npmjs.org/picomatch set size:undefined disposed:false
446 http fetch GET 200 https://registry.npmjs.org/flatted 3201ms (cache miss)
447 silly packumentCache corgi:https://registry.npmjs.org/flatted set size:undefined disposed:false
448 http fetch GET 200 https://registry.npmjs.org/minimatch 3261ms (cache miss)
449 silly packumentCache corgi:https://registry.npmjs.org/minimatch set size:undefined disposed:false
450 http fetch GET 200 https://registry.npmjs.org/@jridgewell/trace-mapping/-/trace-mapping-0.3.31.tgz 4029ms (cache miss)
451 http fetch GET 200 https://registry.npmjs.org/esquery/-/esquery-1.6.0.tgz 4192ms (cache miss)
452 http fetch GET 200 https://registry.npmjs.org/csstype/-/csstype-3.2.3.tgz 4181ms (cache miss)
453 http fetch GET 200 https://registry.npmjs.org/postcss 3504ms (cache miss)
454 silly packumentCache corgi:https://registry.npmjs.org/postcss set size:undefined disposed:false
455 http fetch GET 200 https://registry.npmjs.org/ajv 3539ms (cache miss)
456 silly packumentCache corgi:https://registry.npmjs.org/ajv set size:undefined disposed:false
457 http fetch GET 200 https://registry.npmjs.org/@typescript-eslint/utils/-/utils-8.48.0.tgz 4345ms (cache miss)
458 http fetch GET 200 https://registry.npmjs.org/semver/-/semver-7.7.3.tgz 4312ms (cache miss)
459 http fetch GET 200 https://registry.npmjs.org/@eslint/eslintrc/-/eslintrc-3.3.1.tgz 4435ms (cache miss)
460 http fetch GET 200 https://registry.npmjs.org/hermes-parser/-/hermes-parser-0.25.1.tgz 4622ms (cache miss)
461 http fetch GET 200 https://registry.npmjs.org/@typescript-eslint/typescript-estree/-/typescript-estree-8.48.0.tgz 4544ms (cache miss)
462 http fetch GET 200 https://registry.npmjs.org/minimatch/-/minimatch-9.0.5.tgz 4535ms (cache miss)
463 http fetch GET 200 https://registry.npmjs.org/@babel/generator/-/generator-7.28.5.tgz 4655ms (cache miss)
464 http fetch GET 200 https://registry.npmjs.org/@babel/traverse/-/traverse-7.28.5.tgz 4701ms (cache miss)
465 http fetch GET 200 https://registry.npmjs.org/rollup/-/rollup-4.53.3.tgz 4989ms (cache miss)
466 http fetch GET 200 https://registry.npmjs.org/ajv/-/ajv-6.12.6.tgz 4882ms (cache miss)
467 http fetch GET 200 https://registry.npmjs.org/@rollup/rollup-linux-x64-musl/-/rollup-linux-x64-musl-4.53.3.tgz 4904ms (cache miss)
468 http fetch GET 200 https://registry.npmjs.org/vite/-/vite-7.2.4.tgz 5123ms (cache miss)
469 http fetch GET 200 https://registry.npmjs.org/@rollup/rollup-linux-x64-gnu/-/rollup-linux-x64-gnu-4.53.3.tgz 4931ms (cache miss)
470 http fetch GET 200 https://registry.npmjs.org/@babel/parser/-/parser-7.28.5.tgz 4895ms (cache miss)
471 http fetch GET 200 https://registry.npmjs.org/vite 4399ms (cache miss)
472 silly packumentCache corgi:https://registry.npmjs.org/vite set size:undefined disposed:false
473 http fetch GET 200 https://registry.npmjs.org/rollup 4619ms (cache miss)
474 silly packumentCache corgi:https://registry.npmjs.org/rollup set size:undefined disposed:false
475 http fetch GET 200 https://registry.npmjs.org/eslint-plugin-react-hooks/-/eslint-plugin-react-hooks-7.0.1.tgz 5589ms (cache miss)
476 http fetch GET 200 https://registry.npmjs.org/@babel/core/-/core-7.28.5.tgz 5502ms (cache miss)
477 http fetch GET 200 https://registry.npmjs.org/@types/node/-/node-24.10.1.tgz 5608ms (cache miss)
478 silly packumentCache corgi:https://registry.npmjs.org/@eslint%2fconfig-array cache-miss
479 silly packumentCache corgi:https://registry.npmjs.org/@eslint%2feslintrc cache-miss
480 silly packumentCache corgi:https://registry.npmjs.org/eslint cache-miss
481 http fetch GET 200 https://registry.npmjs.org/@eslint%2fconfig-array 286ms (cache miss)
482 silly packumentCache corgi:https://registry.npmjs.org/@eslint%2fconfig-array set size:undefined disposed:false
483 http fetch GET 200 https://registry.npmjs.org/@eslint%2feslintrc 350ms (cache miss)
484 silly packumentCache corgi:https://registry.npmjs.org/@eslint%2feslintrc set size:undefined disposed:false
485 http fetch GET 200 https://registry.npmjs.org/@babel/helpers/-/helpers-7.28.4.tgz 5993ms (cache miss)
486 http fetch GET 200 https://registry.npmjs.org/@typescript-eslint/scope-manager/-/scope-manager-8.48.0.tgz 6093ms (cache miss)
487 http fetch GET 200 https://registry.npmjs.org/eslint 513ms (cache miss)
488 silly packumentCache corgi:https://registry.npmjs.org/eslint set size:undefined disposed:false
489 silly packumentCache corgi:https://registry.npmjs.org/@typescript-eslint%2ftypescript-estree cache-miss
490 http fetch GET 200 https://registry.npmjs.org/@babel/types/-/types-7.28.5.tgz 6293ms (cache miss)
491 http fetch GET 200 https://registry.npmjs.org/react-dom/-/react-dom-19.2.0.tgz 6558ms (cache miss)
492 http fetch GET 200 https://registry.npmjs.org/@typescript-eslint/eslint-plugin/-/eslint-plugin-8.48.0.tgz 6796ms (cache miss)
493 http fetch GET 200 https://registry.npmjs.org/eslint/-/eslint-9.39.1.tgz 7111ms (cache miss)
494 http fetch GET 200 https://registry.npmjs.org/@esbuild/linux-x64/-/linux-x64-0.25.12.tgz 7169ms (cache miss)
495 http fetch GET 200 https://registry.npmjs.org/caniuse-lite/-/caniuse-lite-1.0.30001757.tgz 7553ms (cache miss)
496 http fetch GET 200 https://registry.npmjs.org/zod/-/zod-4.1.13.tgz 7807ms (cache miss)
497 http fetch GET 200 https://registry.npmjs.org/@typescript-eslint%2ftypescript-estree 1417ms (cache miss)
498 silly packumentCache corgi:https://registry.npmjs.org/@typescript-eslint%2ftypescript-estree set size:undefined disposed:false
499 silly packumentCache corgi:https://registry.npmjs.org/flat-cache cache-miss
500 http fetch GET 200 https://registry.npmjs.org/flat-cache 67ms (cache miss)
501 silly packumentCache corgi:https://registry.npmjs.org/flat-cache set size:undefined disposed:false
502 silly packumentCache corgi:https://registry.npmjs.org/fdir cache-miss
503 silly packumentCache corgi:https://registry.npmjs.org/tinyglobby cache-miss
504 http fetch GET 200 https://registry.npmjs.org/fdir -903ms (cache miss)
505 silly packumentCache corgi:https://registry.npmjs.org/fdir set size:undefined disposed:false
506 http fetch GET 200 https://registry.npmjs.org/tinyglobby -899ms (cache miss)
507 silly packumentCache corgi:https://registry.npmjs.org/tinyglobby set size:undefined disposed:false
508 silly packumentCache corgi:https://registry.npmjs.org/@vitejs%2fplugin-react cache-miss
509 http fetch GET 200 https://registry.npmjs.org/typescript/-/typescript-5.9.3.tgz 7786ms (cache miss)
510 info run esbuild@0.25.12 postinstall node_modules/esbuild node install.js
511 http fetch GET 200 https://registry.npmjs.org/@vitejs%2fplugin-react 112ms (cache miss)
512 silly packumentCache corgi:https://registry.npmjs.org/@vitejs%2fplugin-react set size:undefined disposed:false
513 info run esbuild@0.25.12 postinstall { code: 0, signal: null }
514 silly ADD node_modules/zod-validation-error
515 silly ADD node_modules/zod
516 silly ADD node_modules/yocto-queue
517 silly ADD node_modules/yallist
518 silly ADD node_modules/word-wrap
519 silly ADD node_modules/which
520 silly ADD node_modules/vite
521 silly ADD node_modules/uri-js
522 silly ADD node_modules/update-browserslist-db
523 silly ADD node_modules/undici-types
524 silly ADD node_modules/typescript-eslint
525 silly ADD node_modules/typescript
526 silly ADD node_modules/type-check
527 silly ADD node_modules/ts-api-utils
528 silly ADD node_modules/tinyglobby
529 silly ADD node_modules/supports-color
530 silly ADD node_modules/strip-json-comments
531 silly ADD node_modules/source-map-js
532 silly ADD node_modules/shebang-regex
533 silly ADD node_modules/shebang-command
534 silly ADD node_modules/semver
535 silly ADD node_modules/scheduler
536 silly ADD node_modules/rollup
537 silly ADD node_modules/resolve-from
538 silly ADD node_modules/react-refresh
539 silly ADD node_modules/react-dom
540 silly ADD node_modules/react
541 silly ADD node_modules/punycode
542 silly ADD node_modules/prelude-ls
543 silly ADD node_modules/postcss
544 silly ADD node_modules/picomatch
545 silly ADD node_modules/picocolors
546 silly ADD node_modules/path-key
547 silly ADD node_modules/path-exists
548 silly ADD node_modules/parent-module
549 silly ADD node_modules/p-locate
550 silly ADD node_modules/p-limit
551 silly ADD node_modules/optionator
552 silly ADD node_modules/node-releases
553 silly ADD node_modules/natural-compare
554 silly ADD node_modules/nanoid
555 silly ADD node_modules/ms
556 silly ADD node_modules/minimatch
557 silly ADD node_modules/lru-cache
558 silly ADD node_modules/lodash.merge
559 silly ADD node_modules/locate-path
560 silly ADD node_modules/levn
561 silly ADD node_modules/keyv
562 silly ADD node_modules/json5
563 silly ADD node_modules/json-stable-stringify-without-jsonify
564 silly ADD node_modules/json-schema-traverse
565 silly ADD node_modules/json-buffer
566 silly ADD node_modules/jsesc
567 silly ADD node_modules/js-yaml
568 silly ADD node_modules/js-tokens
569 silly ADD node_modules/isexe
570 silly ADD node_modules/is-glob
571 silly ADD node_modules/is-extglob
572 silly ADD node_modules/imurmurhash
573 silly ADD node_modules/import-fresh
574 silly ADD node_modules/ignore
575 silly ADD node_modules/hermes-parser
576 silly ADD node_modules/hermes-estree
577 silly ADD node_modules/has-flag
578 silly ADD node_modules/graphemer
579 silly ADD node_modules/globals
580 silly ADD node_modules/glob-parent
581 silly ADD node_modules/gensync
582 silly ADD
583 silly ADD node_modules/flatted
584 silly ADD node_modules/flat-cache
585 silly ADD node_modules/find-up
586 silly ADD node_modules/file-entry-cache
587 silly ADD node_modules/fdir
588 silly ADD node_modules/fast-levenshtein
589 silly ADD node_modules/fast-json-stable-stringify
590 silly ADD node_modules/fast-deep-equal
591 silly ADD node_modules/esutils
592 silly ADD node_modules/estraverse
593 silly ADD node_modules/esrecurse
594 silly ADD node_modules/esquery
595 silly ADD node_modules/espree
596 silly ADD node_modules/eslint-visitor-keys
597 silly ADD node_modules/eslint-scope
598 silly ADD node_modules/eslint-plugin-react-refresh
599 silly ADD node_modules/eslint-plugin-react-hooks
600 silly ADD node_modules/eslint
601 silly ADD node_modules/escape-string-regexp
602 silly ADD node_modules/escalade
603 silly ADD node_modules/esbuild
604 silly ADD node_modules/electron-to-chromium
605 silly ADD node_modules/deep-is
606 silly ADD node_modules/debug
607 silly ADD node_modules/csstype
608 silly ADD node_modules/cross-spawn
609 silly ADD node_modules/convert-source-map
610 silly ADD node_modules/concat-map
611 silly ADD node_modules/color-name
612 silly ADD node_modules/color-convert
613 silly ADD node_modules/chalk
614 silly ADD node_modules/caniuse-lite
615 silly ADD node_modules/callsites
616 silly ADD node_modules/browserslist
617 silly ADD node_modules/brace-expansion
618 silly ADD node_modules/baseline-browser-mapping
619 silly ADD node_modules/balanced-match
620 silly ADD node_modules/argparse
621 silly ADD node_modules/ansi-styles
622 silly ADD node_modules/ajv
623 silly ADD node_modules/acorn-jsx
624 silly ADD node_modules/acorn
625 silly ADD node_modules/@vitejs/plugin-react
626 silly ADD node_modules/@typescript-eslint/visitor-keys
627 silly ADD node_modules/@typescript-eslint/utils
628 silly ADD node_modules/@typescript-eslint/typescript-estree
629 silly ADD node_modules/@typescript-eslint/typescript-estree/node_modules/semver
630 silly ADD node_modules/@typescript-eslint/typescript-estree/node_modules/minimatch
631 silly ADD node_modules/@typescript-eslint/typescript-estree/node_modules/brace-expansion
632 silly ADD node_modules/@typescript-eslint/types
633 silly ADD node_modules/@typescript-eslint/type-utils
634 silly ADD node_modules/@typescript-eslint/tsconfig-utils
635 silly ADD node_modules/@typescript-eslint/scope-manager
636 silly ADD node_modules/@typescript-eslint/project-service
637 silly ADD node_modules/@typescript-eslint/parser
638 silly ADD node_modules/@typescript-eslint/eslint-plugin
639 silly ADD node_modules/@typescript-eslint/eslint-plugin/node_modules/ignore
640 silly ADD node_modules/@types/react-dom
641 silly ADD node_modules/@types/react
642 silly ADD node_modules/@types/node
643 silly ADD node_modules/@types/json-schema
644 silly ADD node_modules/@types/estree
645 silly ADD node_modules/@types/babel__traverse
646 silly ADD node_modules/@types/babel__template
647 silly ADD node_modules/@types/babel__generator
648 silly ADD node_modules/@types/babel__core
649 silly ADD
650 silly ADD
651 silly ADD
652 silly ADD
653 silly ADD
654 silly ADD node_modules/@rollup/rollup-linux-x64-musl
655 silly ADD node_modules/@rollup/rollup-linux-x64-gnu
656 silly ADD
657 silly ADD
658 silly ADD
659 silly ADD
660 silly ADD
661 silly ADD
662 silly ADD
663 silly ADD
664 silly ADD
665 silly ADD
666 silly ADD
667 silly ADD
668 silly ADD
669 silly ADD
670 silly ADD
671 silly ADD node_modules/@rolldown/pluginutils
672 silly ADD node_modules/@jridgewell/trace-mapping
673 silly ADD node_modules/@jridgewell/sourcemap-codec
674 silly ADD node_modules/@jridgewell/resolve-uri
675 silly ADD node_modules/@jridgewell/remapping
676 silly ADD node_modules/@jridgewell/gen-mapping
677 silly ADD node_modules/@humanwhocodes/retry
678 silly ADD node_modules/@humanwhocodes/module-importer
679 silly ADD node_modules/@humanfs/node
680 silly ADD node_modules/@humanfs/core
681 silly ADD node_modules/@eslint/plugin-kit
682 silly ADD node_modules/@eslint/object-schema
683 silly ADD node_modules/@eslint/js
684 silly ADD node_modules/@eslint/eslintrc
685 silly ADD node_modules/@eslint/eslintrc/node_modules/globals
686 silly ADD node_modules/@eslint/core
687 silly ADD node_modules/@eslint/config-helpers
688 silly ADD node_modules/@eslint/config-array
689 silly ADD node_modules/@eslint-community/regexpp
690 silly ADD node_modules/@eslint-community/eslint-utils
691 silly ADD node_modules/@eslint-community/eslint-utils/node_modules/eslint-visitor-keys
692 silly ADD
693 silly ADD
694 silly ADD
695 silly ADD
696 silly ADD
697 silly ADD
698 silly ADD
699 silly ADD
700 silly ADD
701 silly ADD node_modules/@esbuild/linux-x64
702 silly ADD
703 silly ADD
704 silly ADD
705 silly ADD
706 silly ADD
707 silly ADD
708 silly ADD
709 silly ADD
710 silly ADD
711 silly ADD
712 silly ADD
713 silly ADD
714 silly ADD
715 silly ADD
716 silly ADD
717 silly ADD
718 silly ADD node_modules/@babel/types
719 silly ADD node_modules/@babel/traverse
720 silly ADD node_modules/@babel/template
721 silly ADD node_modules/@babel/plugin-transform-react-jsx-source
722 silly ADD node_modules/@babel/plugin-transform-react-jsx-self
723 silly ADD node_modules/@babel/parser
724 silly ADD node_modules/@babel/helpers
725 silly ADD node_modules/@babel/helper-validator-option
726 silly ADD node_modules/@babel/helper-validator-identifier
727 silly ADD node_modules/@babel/helper-string-parser
728 silly ADD node_modules/@babel/helper-plugin-utils
729 silly ADD node_modules/@babel/helper-module-transforms
730 silly ADD node_modules/@babel/helper-module-imports
731 silly ADD node_modules/@babel/helper-globals
732 silly ADD node_modules/@babel/helper-compilation-targets
733 silly ADD node_modules/@babel/generator
734 silly ADD node_modules/@babel/core
735 silly ADD node_modules/@babel/compat-data
736 silly ADD node_modules/@babel/code-frame
737 verbose cwd /home/dhruvi
738 verbose os Linux 6.6.87.2-microsoft-standard-WSL2
739 verbose node v20.20.2
740 verbose npm  v10.8.2
741 notice
741 notice New [31mmajor[39m version of npm available! [31m10.8.2[39m -> [34m11.13.0[39m
741 notice Changelog: [34mhttps://github.com/npm/cli/releases/tag/v11.13.0[39m
741 notice To update run: [4mnpm install -g npm@11.13.0[24m
741 notice  { force: true, [Symbol(proc-log.meta)]: true }
742 verbose exit 0
743 info ok
