0 verbose cli /usr/bin/node /usr/bin/npm
1 info using npm@9.2.0
2 info using node@v18.19.1
3 timing npm:load:whichnode Completed in 0ms
4 timing config:load:defaults Completed in 3ms
5 timing config:load:file:/usr/share/nodejs/npm/npmrc Completed in 4ms
6 timing config:load:builtin Completed in 4ms
7 timing config:load:cli Completed in 4ms
8 timing config:load:env Completed in 1ms
9 timing config:load:project Completed in 3ms
10 timing config:load:file:/home/dhruvi/.npmrc Completed in 0ms
11 timing config:load:user Completed in 1ms
12 timing config:load:file:/etc/npmrc Completed in 1ms
13 timing config:load:global Completed in 1ms
14 timing config:load:setEnvs Completed in 3ms
15 timing config:load Completed in 20ms
16 timing npm:load:configload Completed in 20ms
17 timing npm:load:mkdirpcache Completed in 1ms
18 timing npm:load:mkdirplogs Completed in 1ms
19 verbose title npm
20 verbose argv "--version"
21 timing npm:load:setTitle Completed in 2ms
22 timing config:load:flatten Completed in 5ms
23 timing npm:load:display Completed in 6ms
24 verbose logfile logs-max:10 dir:/home/dhruvi/.npm/_logs/2026-04-30T11_33_05_351Z-
25 verbose logfile /home/dhruvi/.npm/_logs/2026-04-30T11_33_05_351Z-debug-0.log
26 timing npm:load:logFile Completed in 13ms
27 timing npm:load:timers Completed in 0ms
28 timing npm:load:configScope Completed in 0ms
29 timing npm:load Completed in 45ms
30 verbose exit 0
31 timing npm Completed in 58ms
32 info ok
